// Jest Snapshot v1, https://jestjs.io/docs/snapshot-testing

exports[`Rendering test renders correctly 1`] = `
<DocumentFragment>
  <a
    class="MuiButtonBase-root MuiListItemButton-root MuiListItemButton-gutters"
    data-discover="true"
    href="/table-list/asd123/foo-group/"
    tabindex="0"
  >
    <div
      class="MuiListItemText-root"
    >
      <p
        class="MuiTypography-root MuiTypography-body1"
      >
        foo1-fi
      </p>
    </div>
  </a>
  <hr
    class="MuiDivider-root MuiDivider-fullWidth"
  />
</DocumentFragment>
`;
