// Jest Snapshot v1, https://goo.gl/fbAQLP

exports[`Rendering test renders correctly 1`] = `
<DocumentFragment>
  <div
    class="MuiFormControl-root MuiFormControl-fullWidth css-q8hpuo-MuiFormControl-root"
  >
    <div
      class="MuiStack-root sc-gEvEer dSbliT css-m69qwo-MuiStack-root"
    >
      <ul
        class="MuiList-root MuiList-padding MuiList-dense MuiList-subheader sc-aXZVg htWJIQ css-p64g7a-MuiList-root"
      >
        <li
          class="MuiListSubheader-root MuiListSubheader-gutters MuiListSubheader-sticky css-uob957-MuiListSubheader-root"
        >
          chartSettings.rowVariables
        </li>
        <div
          class="MuiButtonBase-root MuiListItemButton-root MuiListItemButton-dense MuiListItemButton-gutters MuiListItemButton-root MuiListItemButton-dense MuiListItemButton-gutters css-178cqt3-MuiButtonBase-root-MuiListItemButton-root"
          role="button"
          tabindex="0"
        >
          <div
            class="MuiListItemText-root MuiListItemText-dense css-tlelie-MuiListItemText-root"
          >
            <span
              class="MuiTypography-root MuiTypography-body2 MuiListItemText-primary css-et1ao3-MuiTypography-root"
            >
              foo1 2
            </span>
          </div>
          <span
            class="MuiTouchRipple-root css-8je8zh-MuiTouchRipple-root"
          />
        </div>
        <div
          class="MuiButtonBase-root MuiListItemButton-root MuiListItemButton-dense MuiListItemButton-gutters MuiListItemButton-root MuiListItemButton-dense MuiListItemButton-gutters css-178cqt3-MuiButtonBase-root-MuiListItemButton-root"
          role="button"
          tabindex="0"
        >
          <div
            class="MuiListItemText-root MuiListItemText-dense css-tlelie-MuiListItemText-root"
          >
            <span
              class="MuiTypography-root MuiTypography-body2 MuiListItemText-primary css-et1ao3-MuiTypography-root"
            >
              foo3 2
            </span>
          </div>
          <span
            class="MuiTouchRipple-root css-8je8zh-MuiTouchRipple-root"
          />
        </div>
      </ul>
      <div
        class="MuiStack-root sc-eqUAAy lphtNa css-nen11g-MuiStack-root"
      >
        <button
          aria-label="tableSettings.up"
          class="MuiButtonBase-root MuiIconButton-root MuiIconButton-sizeMedium css-78trlr-MuiButtonBase-root-MuiIconButton-root"
          tabindex="0"
          type="button"
        >
          <svg
            aria-hidden="true"
            class="MuiSvgIcon-root MuiSvgIcon-fontSizeMedium css-i4bv87-MuiSvgIcon-root"
            data-testid="ArrowUpwardIcon"
            focusable="false"
            viewBox="0 0 24 24"
          >
            <path
              d="m4 12 1.41 1.41L11 7.83V20h2V7.83l5.58 5.59L20 12l-8-8z"
            />
          </svg>
          <span
            class="MuiTouchRipple-root css-8je8zh-MuiTouchRipple-root"
          />
        </button>
        <button
          aria-label="tableSettings.down"
          class="MuiButtonBase-root MuiIconButton-root MuiIconButton-sizeMedium css-78trlr-MuiButtonBase-root-MuiIconButton-root"
          tabindex="0"
          type="button"
        >
          <svg
            aria-hidden="true"
            class="MuiSvgIcon-root MuiSvgIcon-fontSizeMedium css-i4bv87-MuiSvgIcon-root"
            data-testid="ArrowDownwardIcon"
            focusable="false"
            viewBox="0 0 24 24"
          >
            <path
              d="m20 12-1.41-1.41L13 16.17V4h-2v12.17l-5.58-5.59L4 12l8 8z"
            />
          </svg>
          <span
            class="MuiTouchRipple-root css-8je8zh-MuiTouchRipple-root"
          />
        </button>
        <button
          aria-label="tableSettings.swap"
          class="MuiButtonBase-root MuiIconButton-root MuiIconButton-sizeMedium css-78trlr-MuiButtonBase-root-MuiIconButton-root"
          tabindex="0"
          type="button"
        >
          <svg
            aria-hidden="true"
            class="MuiSvgIcon-root MuiSvgIcon-fontSizeMedium css-i4bv87-MuiSvgIcon-root"
            data-testid="SwapHorizIcon"
            focusable="false"
            viewBox="0 0 24 24"
          >
            <path
              d="M6.99 11 3 15l3.99 4v-3H14v-2H6.99zM21 9l-3.99-4v3H10v2h7.01v3z"
            />
          </svg>
          <span
            class="MuiTouchRipple-root css-8je8zh-MuiTouchRipple-root"
          />
        </button>
      </div>
      <ul
        class="MuiList-root MuiList-padding MuiList-dense MuiList-subheader sc-aXZVg htWJIQ css-p64g7a-MuiList-root"
      >
        <li
          class="MuiListSubheader-root MuiListSubheader-gutters MuiListSubheader-sticky css-uob957-MuiListSubheader-root"
        >
          chartSettings.columnVariables
        </li>
        <div
          class="MuiButtonBase-root MuiListItemButton-root MuiListItemButton-dense MuiListItemButton-gutters MuiListItemButton-root MuiListItemButton-dense MuiListItemButton-gutters css-178cqt3-MuiButtonBase-root-MuiListItemButton-root"
          role="button"
          tabindex="0"
        >
          <div
            class="MuiListItemText-root MuiListItemText-dense css-tlelie-MuiListItemText-root"
          >
            <span
              class="MuiTypography-root MuiTypography-body2 MuiListItemText-primary css-et1ao3-MuiTypography-root"
            >
              foo2 2
            </span>
          </div>
          <span
            class="MuiTouchRipple-root css-8je8zh-MuiTouchRipple-root"
          />
        </div>
        <div
          class="MuiButtonBase-root MuiListItemButton-root MuiListItemButton-dense MuiListItemButton-gutters MuiListItemButton-root MuiListItemButton-dense MuiListItemButton-gutters css-178cqt3-MuiButtonBase-root-MuiListItemButton-root"
          role="button"
          tabindex="0"
        >
          <div
            class="MuiListItemText-root MuiListItemText-dense css-tlelie-MuiListItemText-root"
          >
            <span
              class="MuiTypography-root MuiTypography-body2 MuiListItemText-primary css-et1ao3-MuiTypography-root"
            >
              foo4 2
            </span>
          </div>
          <span
            class="MuiTouchRipple-root css-8je8zh-MuiTouchRipple-root"
          />
        </div>
      </ul>
    </div>
  </div>
</DocumentFragment>
`;
