// Jest Snapshot v1, https://jestjs.io/docs/snapshot-testing

exports[`Rendering test renders correctly 1`] = `
<DocumentFragment>
  <div
    class="MuiFormControl-root MuiFormControl-fullWidth"
  >
    <div
      class="MuiStack-root sc-hKwAaq jDiIcb"
    >
      <div
        class="sc-bdvvNz QMusG"
      >
        <div
          class="sc-gsDLFA dxVvvu"
        >
          chartSettings.rowVariables
        </div>
        <ul
          class="MuiList-root MuiList-padding MuiList-dense sc-dkPvMp hqeMqU"
        >
          <div
            class="MuiButtonBase-root MuiListItemButton-root MuiListItemButton-dense MuiListItemButton-gutters"
            role="button"
            tabindex="0"
          >
            <div
              class="MuiListItemText-root MuiListItemText-dense"
            >
              <span
                class="MuiTypography-root MuiTypography-body2 MuiListItemText-primary"
              >
                foo1 2
              </span>
            </div>
          </div>
          <div
            class="MuiButtonBase-root MuiListItemButton-root MuiListItemButton-dense MuiListItemButton-gutters"
            role="button"
            tabindex="0"
          >
            <div
              class="MuiListItemText-root MuiListItemText-dense"
            >
              <span
                class="MuiTypography-root MuiTypography-body2 MuiListItemText-primary"
              >
                foo3 2
              </span>
            </div>
          </div>
        </ul>
      </div>
      <div
        class="MuiStack-root sc-eCIkhf fRuJrj"
      >
        <button
          aria-label="tableSettings.up"
          class="MuiButtonBase-root MuiIconButton-root MuiIconButton-sizeMedium sc-jRQzZg hqIUNA"
          tabindex="0"
          type="button"
        >
          <svg
            aria-hidden="true"
            class="MuiSvgIcon-root MuiSvgIcon-fontSizeMedium"
            data-testid="ArrowUpwardIcon"
            focusable="false"
            viewBox="0 0 24 24"
          >
            <path
              d="m4 12 1.41 1.41L11 7.83V20h2V7.83l5.58 5.59L20 12l-8-8z"
            />
          </svg>
        </button>
        <button
          aria-label="tableSettings.down"
          class="MuiButtonBase-root MuiIconButton-root MuiIconButton-sizeMedium sc-jRQzZg hqIUNA"
          tabindex="0"
          type="button"
        >
          <svg
            aria-hidden="true"
            class="MuiSvgIcon-root MuiSvgIcon-fontSizeMedium"
            data-testid="ArrowDownwardIcon"
            focusable="false"
            viewBox="0 0 24 24"
          >
            <path
              d="m20 12-1.41-1.41L13 16.17V4h-2v12.17l-5.58-5.59L4 12l8 8z"
            />
          </svg>
        </button>
        <button
          aria-label="tableSettings.swap"
          class="MuiButtonBase-root MuiIconButton-root MuiIconButton-sizeMedium sc-jRQzZg hqIUNA"
          tabindex="0"
          type="button"
        >
          <svg
            aria-hidden="true"
            class="MuiSvgIcon-root MuiSvgIcon-fontSizeMedium"
            data-testid="SwapHorizIcon"
            focusable="false"
            viewBox="0 0 24 24"
          >
            <path
              d="M6.99 11 3 15l3.99 4v-3H14v-2H6.99zM21 9l-3.99-4v3H10v2h7.01v3z"
            />
          </svg>
        </button>
      </div>
      <div
        class="sc-bdvvNz QMusG"
      >
        <div
          class="sc-gsDLFA dxVvvu"
        >
          chartSettings.columnVariables
        </div>
        <ul
          class="MuiList-root MuiList-padding MuiList-dense sc-dkPvMp hqeMqU"
        >
          <div
            class="MuiButtonBase-root MuiListItemButton-root MuiListItemButton-dense MuiListItemButton-gutters"
            role="button"
            tabindex="0"
          >
            <div
              class="MuiListItemText-root MuiListItemText-dense"
            >
              <span
                class="MuiTypography-root MuiTypography-body2 MuiListItemText-primary"
              >
                foo2 2
              </span>
            </div>
          </div>
          <div
            class="MuiButtonBase-root MuiListItemButton-root MuiListItemButton-dense MuiListItemButton-gutters"
            role="button"
            tabindex="0"
          >
            <div
              class="MuiListItemText-root MuiListItemText-dense"
            >
              <span
                class="MuiTypography-root MuiTypography-body2 MuiListItemText-primary"
              >
                foo4 2
              </span>
            </div>
          </div>
        </ul>
      </div>
    </div>
  </div>
</DocumentFragment>
`;
