// Jest Snapshot v1, https://jestjs.io/docs/snapshot-testing

exports[`Rendering test renders correctly 1`] = `
<DocumentFragment>
  <div
  class="MuiStack-root css-m69qwo-MuiStack-root"
>
  <div
    class="sc-dNdcvo hUUHJO MuiBox-root css-ve9ogo"
  >
    <div
      class="sc-kvnevz kaVEh"
    >
      <p
        class="MuiTypography-root MuiTypography-body2 css-1wle3ir-MuiTypography-root"
      >
        variableSelect.title
      </p>
      <button
        aria-label="tooltip.open: variableSelect.title"
        class="sc-eqYatC jzGZYW"
        id="mainContent"
      >
        <svg
          aria-hidden="true"
          class="MuiSvgIcon-root MuiSvgIcon-colorInfo MuiSvgIcon-fontSizeMedium css-ocq0ss-MuiSvgIcon-root"
          data-testid="InfoIcon"
          focusable="false"
          viewBox="0 0 24 24"
        >
          <path
            d="M12 2C6.48 2 2 6.48 2 12s4.48 10 10 10 10-4.48 10-10S17.52 2 12 2m1 15h-2v-6h2zm0-8h-2V7h2z"
          />
        </svg>
      </button>
    </div>
    <div
      class="MuiPaper-root MuiPaper-elevation MuiPaper-rounded MuiPaper-elevation1 MuiAccordion-root MuiAccordion-rounded Mui-expanded MuiAccordion-gutters sc-kCuUfV hFmPGu css-1808mag-MuiPaper-root-MuiAccordion-root"
      style="--Paper-shadow: 0px 2px 1px -1px rgba(0,0,0,0.2),0px 1px 1px 0px rgba(0,0,0,0.14),0px 1px 3px 0px rgba(0,0,0,0.12);"
    >
      <h3
        class="MuiAccordion-heading css-cy7rkm-MuiAccordion-heading"
      >
        <button
          aria-controls="panel1a-content"
          aria-expanded="true"
          class="MuiButtonBase-root MuiAccordionSummary-root Mui-expanded MuiAccordionSummary-gutters css-1f1pi2l-MuiButtonBase-root-MuiAccordionSummary-root"
          tabindex="0"
          type="button"
        >
          <span
            class="MuiAccordionSummary-content Mui-expanded MuiAccordionSummary-contentGutters css-yfrx4k-MuiAccordionSummary-content"
          >
            <h2
              class="MuiTypography-root MuiTypography-h2 css-o2za6n-MuiTypography-root"
            >
              <b>
                variableName 0/1
              </b>
            </h2>
          </span>
          <span
            class="MuiAccordionSummary-expandIconWrapper Mui-expanded css-1wqf3nl-MuiAccordionSummary-expandIconWrapper"
          >
            <svg
              aria-hidden="true"
              class="MuiSvgIcon-root MuiSvgIcon-fontSizeMedium css-1umw9bq-MuiSvgIcon-root"
              data-testid="ExpandMoreIcon"
              focusable="false"
              viewBox="0 0 24 24"
            >
              <path
                d="M16.59 8.59 12 13.17 7.41 8.59 6 10l6 6 6-6z"
              />
            </svg>
          </span>
        </button>
      </h3>
      <div
        class="MuiCollapse-root MuiCollapse-vertical MuiCollapse-entered css-qr6njo-MuiCollapse-root"
        style="min-height: 0px;"
      >
        <div
          class="MuiCollapse-wrapper MuiCollapse-vertical css-1x6hinx-MuiCollapse-wrapper"
        >
          <div
            class="MuiCollapse-wrapperInner MuiCollapse-vertical css-1i4ywhz-MuiCollapse-wrapperInner"
          >
            <div
              class="MuiAccordion-region css-at4ued-MuiAccordion-region"
              id="panel1a-content"
              role="region"
            >
              <div
                class="MuiAccordionDetails-root sc-dFVmKS cSZYue css-1lj39kh-MuiAccordionDetails-root"
              >
                <div
                  class="MuiStack-root sc-lgpSej blKtZ css-1sazv7p-MuiStack-root"
                >
                  <div
                    class="MuiStack-root sc-dYwGCk fSnjLc css-m69qwo-MuiStack-root"
                  >
                    <span
                      aria-label="variableSelect.openMenu"
                      class="MuiButtonBase-root MuiIconButton-root MuiIconButton-sizeMedium css-53g0n7-MuiButtonBase-root-MuiIconButton-root"
                      role="button"
                      style="padding-left: 0px; margin-right: 12px;"
                      tabindex="0"
                    >
                      <svg
                        aria-hidden="true"
                        class="MuiSvgIcon-root MuiSvgIcon-fontSizeMedium css-1umw9bq-MuiSvgIcon-root"
                        data-testid="MenuIcon"
                        focusable="false"
                        viewBox="0 0 24 24"
                      >
                        <path
                          d="M3 18h18v-2H3zm0-5h18v-2H3zm0-7v2h18V6z"
                        />
                      </svg>
                    </span>
                    <div
                      class="MuiAutocomplete-root MuiAutocomplete-hasPopupIcon sc-jwTyAe dXDubk css-o5oj2-MuiAutocomplete-root"
                    >
                      <div
                        class="MuiFormControl-root MuiFormControl-fullWidth MuiTextField-root css-cmpglg-MuiFormControl-root-MuiTextField-root"
                      >
                        <label
                          class="MuiFormLabel-root MuiInputLabel-root MuiInputLabel-formControl MuiInputLabel-animated MuiInputLabel-outlined MuiFormLabel-colorPrimary MuiInputLabel-root MuiInputLabel-formControl MuiInputLabel-animated MuiInputLabel-outlined css-19qnlrw-MuiFormLabel-root-MuiInputLabel-root"
                          data-shrink="false"
                          for=":r1:"
                          id=":r1:-label"
                        >
                          variableSelect.itemFilter
                        </label>
                        <div
                          class="MuiInputBase-root MuiOutlinedInput-root MuiInputBase-colorPrimary MuiInputBase-fullWidth MuiInputBase-formControl MuiInputBase-adornedEnd MuiAutocomplete-inputRoot css-1n04w30-MuiInputBase-root-MuiOutlinedInput-root"
                        >
                          <input
                            aria-autocomplete="list"
                            aria-expanded="false"
                            aria-invalid="false"
                            autocapitalize="none"
                            autocomplete="off"
                            class="MuiInputBase-input MuiOutlinedInput-input MuiInputBase-inputAdornedEnd MuiAutocomplete-input MuiAutocomplete-inputFocused css-1dune0f-MuiInputBase-input-MuiOutlinedInput-input"
                            id=":r1:"
                            role="combobox"
                            spellcheck="false"
                            type="text"
                            value=""
                          />
                          <div
                            class="MuiAutocomplete-endAdornment css-1uhhrmm-MuiAutocomplete-endAdornment"
                          >
                            <button
                              aria-label="selectable.open"
                              class="MuiButtonBase-root MuiIconButton-root MuiIconButton-sizeMedium MuiAutocomplete-popupIndicator css-2y136s-MuiButtonBase-root-MuiIconButton-root-MuiAutocomplete-popupIndicator"
                              tabindex="-1"
                              title="selectable.open"...
</DocumentFragment>
`;

exports[`Rendering test renders correctly when cubeMetaResponse is loading 1`] = `
<DocumentFragment>
  <div
  class="MuiContainer-root MuiContainer-maxWidthLg css-g5qkdk-MuiContainer-root"
>
  <span
    class="MuiCircularProgress-root MuiCircularProgress-indeterminate MuiCircularProgress-colorPrimary css-1wxecgq-MuiCircularProgress-root"
    id="mainContent"
    role="progressbar"
    style="width: 40px; height: 40px;"
  >
    <svg
      class="MuiCircularProgress-svg css-54pwck-MuiCircularProgress-svg"
      viewBox="22 22 44 44"
    >
      <circle
        class="MuiCircularProgress-circle MuiCircularProgress-circleIndeterminate css-19t5dcl-MuiCircularProgress-circle"
        cx="44"
        cy="44"
        fill="none"
        r="20.2"
        stroke-width="3.6"
      />
    </svg>
  </span>
</div>
</DocumentFragment>
`;
