// Jest Snapshot v1, https://jestjs.io/docs/snapshot-testing

exports[`Rendering test renders correctly 1`] = `
<DocumentFragment>
  <div
    class="MuiBox-root"
  >
    <div
      class="MuiBox-root"
    >
      <div>
        <p
          class="MuiTypography-root MuiTypography-body2"
        >
          variableSelect.title
        </p>
      </div>
      <div
        class="MuiPaper-root MuiPaper-elevation MuiPaper-elevation0 MuiAccordion-root Mui-expanded"
        style="--Paper-shadow: none;"
      >
        <h3
          class="MuiAccordion-heading"
        >
          <button
            aria-controls="dimension-foo-content"
            aria-expanded="true"
            class="MuiButtonBase-root MuiAccordionSummary-root Mui-expanded"
            id="dimension-foo-header"
            tabindex="0"
            type="button"
          >
            <span
              class="MuiAccordionSummary-content Mui-expanded"
            >
              <h2
                class="MuiTypography-root MuiTypography-h2"
              >
                <span>
                  name
                </span>
                <span>
                  3/1
                </span>
              </h2>
            </span>
            <span
              class="MuiAccordionSummary-expandIconWrapper Mui-expanded"
            >
              <svg
                aria-hidden="true"
                class="MuiSvgIcon-root MuiSvgIcon-fontSizeMedium"
                data-testid="ExpandMoreIcon"
                focusable="false"
                viewBox="0 0 24 24"
              >
                <path
                  d="M16.59 8.59 12 13.17 7.41 8.59 6 10l6 6 6-6z"
                />
              </svg>
            </span>
          </button>
        </h3>
        <div
          class="MuiCollapse-root MuiCollapse-vertical MuiCollapse-entered"
          style="min-height: 0px;"
        >
          <div
            class="MuiCollapse-wrapper MuiCollapse-vertical"
          >
            <div
              class="MuiCollapse-wrapperInner MuiCollapse-vertical"
            >
              <div
                aria-labelledby="dimension-foo-header"
                class="MuiAccordion-region"
                id="dimension-foo-content"
                role="region"
              >
                <div
                  class="MuiAccordionDetails-root"
                >
                  <div
                    class="MuiStack-root sc-gsDLFA bQoKba"
                  >
                    <div
                      class="MuiStack-root sc-dkPvMp izxoca"
                    >
                      <div
                        class="MuiFormControl-root sc-hKwAaq jyutZo"
                      >
                        <label
                          class="MuiFormLabel-root MuiInputLabel-root MuiInputLabel-formControl MuiInputLabel-animated MuiInputLabel-shrink MuiInputLabel-sizeSmall MuiInputLabel-outlined MuiFormLabel-colorPrimary MuiFormLabel-filled MuiInputLabel-root MuiInputLabel-formControl MuiInputLabel-animated MuiInputLabel-shrink MuiInputLabel-sizeSmall MuiInputLabel-outlined"
                          data-shrink="true"
                          id="filter-method-label-foo"
                        >
                          variableSelect.filterMethodLabel
                        </label>
                        <div
                          class="MuiInputBase-root MuiOutlinedInput-root MuiInputBase-colorPrimary MuiInputBase-formControl MuiInputBase-sizeSmall MuiSelect-root"
                        >
                          <div
                            aria-expanded="false"
                            aria-haspopup="listbox"
                            aria-labelledby="filter-method-label-foo"
                            class="MuiSelect-select MuiSelect-outlined MuiInputBase-input MuiOutlinedInput-input MuiInputBase-inputSizeSmall"
                            role="combobox"
                            tabindex="0"
                          >
                            variableSelect.allFilter
                          </div>
                          <input
                            aria-hidden="true"
                            aria-invalid="false"
                            class="MuiSelect-nativeInput"
                            tabindex="-1"
                            value="all"
                          />
                          <svg
                            aria-hidden="true"
                            class="MuiSvgIcon-root MuiSvgIcon-fontSizeMedium MuiSelect-icon MuiSelect-iconOutlined"
                            data-testid="ArrowDropDownIcon"
                            focusable="false"
                            viewBox="0 0 24 24"
                          >
                            <path
                              d="M7 10l5 5 5-5z"
                            />
                          </svg>
                          <fieldset
                            aria-hidden="true"
                            class="MuiOutlinedInput-notchedOutline"
                          >
                            <legend>
                              <span>
                                variableSelect.filterMethodLabel
                              </span>
                            </legend>
                          </fieldset>
                        </div>
                      </div>
                      <span
                        aria-label="computedValues.button"
                        class="MuiBadge-root"
                        data-mui-internal-clone-element="true"
                      >
                        <button
                          aria-label="computedValues.button"
                          class="MuiButtonBase-root MuiIconButton-root MuiIconButton-sizeSmall"
                          tabindex="0"
                          type="button"
                        >
                          <svg
                            aria-hidden="true"
                            class="MuiSvgIcon-root MuiSvgIcon-fontSizeMedium"
                            data-testid="FunctionsIcon"
                            focusable="false"
                            viewBox="0 0 24 24"
                          >
                            <path
                              d="M18 4H6v2l6.5 6L6 18v2h12v-3h-7l5-5-5-5h7z"
                            />
                          </svg>
                        </button>
                        <span
                          class="MuiBadge-badge MuiBadge-standard MuiBadge-invisible MuiBadge-anchorOriginTopRight MuiBadge-anchorOriginTopRightRectangular MuiBadge-overlapRectangular MuiBadge-colorPrimary"
                        />
                      </span>
                      <button
                        aria-expanded="false"
                        aria-haspopup="dialog"
                        aria-label="variableSelect.selectableSettingsActive"
                        class="MuiButtonBase-root MuiIconButton-root MuiIconButton-colorPrimary MuiIconButton-sizeSmall"
                        data-mui-internal-clone-element="true"
                        tabindex="0"
                        type="button"
                      >
                        <span
                          class="MuiBadge-root"
                        >
                          <svg
                            aria-hidden="true"
                            class="MuiSvgIcon-root MuiSvgIcon-fontSizeMedium"
                            data-testid="TouchAppIcon"
                            focusable="false"
                            viewBox="0 0 24 24"
                          >
                            <path
                              d="M9 11.24V7.5C9 6.12 10.12 5 11.5 5S14 6.12 14 7.5v3.74c1.21-.81 2-2.18 2-3.74C16 5.01 13.99 3 11.5 3S7 5.01 7 7.5c0 1.56.79 2.93 2 3.74m9.84 4.63-4.54-2.26c-.17-.07-.35-.11-.54-.11H13v-6c0-.83-.67-1.5-1.5-1.5S10 6.67 10 7.5v10.74c-3.6-.76-3.54-.75-3.67-.75-.31 0-.59.13-.79.33l-.79.8 4.94 4.94c.27.27.65.44 1.06.44h6.79c.75 0 1.33-.55 1.44-1.28l.75-5.27c.01-.07.02-.14.02-.2 0-.62-.38-1.16-.91-1.38"
                            />
                          </svg>
                          <span
                            class="MuiBadge-badge MuiBadge-standard MuiBadge-anchorOriginBottomRight MuiBadge-anchorOriginBottomRightCircular MuiBadge-overlapCircular MuiBadge-colorPrimary"
                          >
                            <svg
                              aria-hidden="true"
                              class="MuiSvgIcon-root MuiSvgIcon-fontSizeMedium"
                              data-testid="selectability-active-marker"
                              focusable="false"
                              viewBox="0 0 24 24"
                            >
                              <path
                                d="M9 16.17 4.83 12l-1.42 1.41L9 19 21 7l-1.41-1.41z"
                              />
                            </svg>
                          </span>
                        </span>
                      </button>
                    </div>
                    <div
                      class="MuiStack-root"
                    >
                      <p
                        class="MuiTypography-root MuiTypography-body1"
                        id="_r_6_"
                      >
                        general.results:
                      </p>
                      <p
                        class="MuiTypography-root MuiTypography-body1"
                        role="status"
                      >
                        general.resultCount
                      </p>
                      <ul
                        aria-labelledby="_r_6_"
                        class="MuiList-root MuiList-padding MuiList-dense"
                        tabindex="0"
                      >
                        <li
                          class="MuiListItem-root MuiListItem-dense MuiListItem-gutters MuiListItem-padding"
                        >
                          <div
                            class="MuiListItemText-root MuiListItemText-dense"
                          >
                            <span
                              class="MuiTypography-root MuiTypography-body2 MuiListItemText-primary"
                            >
                              foo
                            </span>
                          </div>
                        </li>
                        <li
                          class="MuiListItem-root MuiListItem-dense MuiListItem-gutters MuiListItem-padding"
                        >
                          <div
                            class="MuiListItemText-root MuiListItemText-dense"
                          >
                            <span
                              class="MuiTypography-root MuiTypography-body2 MuiListItemText-primary"
                            >
                              name
                            </span>
                          </div>
                        </li>
                        <li
                          class="MuiListItem-root MuiListItem-dense MuiListItem-gutters MuiListItem-padding"
                        >
                          <div
                            class="MuiListItemText-root MuiListItemText-dense"
                          >
                            <span
                              class="MuiTypography-root MuiTypography-body2 MuiListItemText-primary"
                            >
                              baz
                            </span>
                          </div>
                        </li>
                      </ul>
                    </div>
                  </div>
                </div>
              </div>
            </div>
          </div>
        </div>
      </div>
    </div>
    <div
      class="MuiBox-root"
    >
      <button
        class="MuiButtonBase-root MuiButton-root MuiButton-outlined MuiButton-outlinedPrimary MuiButton-sizeSmall MuiButton-outlinedSizeSmall MuiButton-colorPrimary MuiButton-fullWidth"
        tabindex="0"
        type="button"
      >
        <span
          class="MuiButton-icon MuiButton-startIcon MuiButton-iconSizeSmall"
        >
          <svg
            aria-hidden="true"
            class="MuiSvgIcon-root MuiSvgIcon-fontSizeMedium"
            data-testid="EditNoteIcon"
            focusable="false"
            viewBox="0 0 24 24"
          >
            <path
              d="M3 10h11v2H3zm0-2h11V6H3zm0 8h7v-2H3zm15.01-3.13.71-.71c.39-.39 1.02-.39 1.41 0l.71.71c.39.39.39 1.02 0 1.41l-.71.71zm-.71.71-5.3 5.3V21h2.12l5.3-5.3z"
            />
          </svg>
        </span>
        editMetadata.dialogTitle
      </button>
    </div>
  </div>
</DocumentFragment>
`;
