// Jest Snapshot v1, https://jestjs.io/docs/snapshot-testing

exports[`Rendering test renders correctly 1`] = `
<DocumentFragment>
  <div
    class="MuiBox-root"
  >
    <div
      class="MuiBox-root"
    >
      <div>
        <div
          class="MuiTabs-root"
        >
          <div
            class="MuiTabs-scroller MuiTabs-fixed"
            style="overflow: hidden; margin-bottom: 0px;"
          >
            <div
              aria-label="editor.contentLanguage"
              class="MuiTabs-list MuiTabs-flexContainer"
              role="tablist"
            >
              <button
                aria-controls="simple-tabpanel-fi"
                aria-label="editor.contentLanguage: lang.local.fi"
                aria-selected="true"
                class="MuiButtonBase-root MuiTab-root MuiTab-textColorPrimary Mui-selected"
                id="simple-tab-fi"
                role="tab"
                tabindex="0"
                type="button"
              >
                fi
              </button>
              <button
                aria-controls="simple-tabpanel-sv"
                aria-label="editor.contentLanguage: lang.local.sv"
                aria-selected="false"
                class="MuiButtonBase-root MuiTab-root MuiTab-textColorPrimary"
                id="simple-tab-sv"
                role="tab"
                tabindex="-1"
                type="button"
              >
                sv
              </button>
              <button
                aria-controls="simple-tabpanel-en"
                aria-label="editor.contentLanguage: lang.local.en"
                aria-selected="false"
                class="MuiButtonBase-root MuiTab-root MuiTab-textColorPrimary"
                id="simple-tab-en"
                role="tab"
                tabindex="-1"
                type="button"
              >
                en
              </button>
            </div>
            <span
              class="MuiTabs-indicator"
              style="left: 0px; width: 0px;"
            />
          </div>
        </div>
        <button
          aria-label="tooltip.open: editor.contentLanguage"
        >
          <svg
            aria-hidden="true"
            class="MuiSvgIcon-root MuiSvgIcon-colorInfo MuiSvgIcon-fontSizeMedium"
            data-testid="InfoIcon"
            focusable="false"
            viewBox="0 0 24 24"
          >
            <path
              d="M12 2C6.48 2 2 6.48 2 12s4.48 10 10 10 10-4.48 10-10S17.52 2 12 2m1 15h-2v-6h2zm0-8h-2V7h2z"
            />
          </svg>
        </button>
      </div>
    </div>
    <div
      class="MuiBox-root"
    >
      <div
        aria-labelledby="simple-tab-fi"
        id="simple-tabpanel-fi"
        role="tabpanel"
      >
        <div
          class="sc-gsDLFA hIsVqI MuiBox-root"
        >
          <div
            class="sc-bdvvNz egnXXA"
          >
            <button
              aria-label="tooltip.open: editMetadata.header"
            >
              <svg
                aria-hidden="true"
                class="MuiSvgIcon-root MuiSvgIcon-colorInfo MuiSvgIcon-fontSizeMedium"
                data-testid="InfoIcon"
                focusable="false"
                viewBox="0 0 24 24"
              >
                <path
                  d="M12 2C6.48 2 2 6.48 2 12s4.48 10 10 10 10-4.48 10-10S17.52 2 12 2m1 15h-2v-6h2zm0-8h-2V7h2z"
                />
              </svg>
            </button>
            <div
              class="MuiFormControl-root"
              style="width: 100%;"
            >
              <label
                class="MuiFormLabel-root MuiInputLabel-root MuiInputLabel-formControl MuiInputLabel-animated MuiInputLabel-shrink MuiInputLabel-sizeSmall MuiInputLabel-outlined MuiFormLabel-colorPrimary MuiFormLabel-filled MuiInputLabel-root MuiInputLabel-formControl MuiInputLabel-animated MuiInputLabel-shrink MuiInputLabel-sizeSmall MuiInputLabel-outlined"
                data-shrink="true"
                for="_r_0_"
              >
                editMetadata.header
              </label>
              <div
                class="MuiInputBase-root MuiOutlinedInput-root MuiInputBase-colorPrimary MuiInputBase-formControl MuiInputBase-sizeSmall"
              >
                <input
                  aria-invalid="false"
                  class="MuiInputBase-input MuiOutlinedInput-input MuiInputBase-inputSizeSmall"
                  id="_r_0_"
                  type="text"
                  value="foo"
                />
                <fieldset
                  aria-hidden="true"
                  class="MuiOutlinedInput-notchedOutline"
                >
                  <legend>
                    <span>
                      editMetadata.header
                    </span>
                  </legend>
                </fieldset>
              </div>
              <div
                aria-live="polite"
              />
            </div>
          </div>
        </div>
      </div>
      <div
        aria-labelledby="simple-tab-sv"
        hidden=""
        id="simple-tabpanel-sv"
        role="tabpanel"
      />
      <div
        aria-labelledby="simple-tab-en"
        hidden=""
        id="simple-tabpanel-en"
        role="tabpanel"
      />
    </div>
    <div>
      <div>
        <div>
          <div>
            <button
              aria-label="tooltip.open: tooltip.visualizationType"
            >
              <svg
                aria-hidden="true"
                class="MuiSvgIcon-root MuiSvgIcon-colorInfo MuiSvgIcon-fontSizeMedium"
                data-testid="InfoIcon"
                focusable="false"
                viewBox="0 0 24 24"
              >
                <path
                  d="M12 2C6.48 2 2 6.48 2 12s4.48 10 10 10 10-4.48 10-10S17.52 2 12 2m1 15h-2v-6h2zm0-8h-2V7h2z"
                />
              </svg>
            </button>
            <div>
              <div
                aria-label="tooltip.visualizationType"
                class="MuiToggleButtonGroup-root MuiToggleButtonGroup-horizontal"
                role="group"
              >
                <button
                  aria-pressed="true"
                  class="MuiButtonBase-root MuiToggleButtonGroup-grouped MuiToggleButtonGroup-groupedHorizontal MuiToggleButton-root Mui-selected MuiToggleButton-sizeSmall MuiToggleButton-standard MuiToggleButtonGroup-grouped MuiToggleButtonGroup-groupedHorizontal"
                  tabindex="0"
                  type="button"
                  value="HorizontalBarChart"
                >
                  <b>
                    chartTypes.HorizontalBarChart
                  </b>
                </button>
              </div>
            </div>
            <button
              aria-controls="rejection-dialog"
              aria-haspopup="true"
              class="MuiButtonBase-root MuiButton-root MuiButton-outlined MuiButton-outlinedPrimary MuiButton-sizeMedium MuiButton-outlinedSizeMedium MuiButton-colorPrimary"
              tabindex="0"
              type="button"
            >
              <span
                class="MuiButton-icon MuiButton-startIcon MuiButton-iconSizeMedium"
              >
                <svg
                  aria-hidden="true"
                  class="MuiSvgIcon-root MuiSvgIcon-fontSizeMedium"
                  data-testid="QuestionMarkIcon"
                  focusable="false"
                  viewBox="0 0 24 24"
                >
                  <path
                    d="M11.07 12.85c.77-1.39 2.25-2.21 3.11-3.44.91-1.29.4-3.7-2.18-3.7-1.69 0-2.52 1.28-2.87 2.34L6.54 6.96C7.25 4.83 9.18 3 11.99 3c2.35 0 3.96 1.07 4.78 2.41.7 1.15 1.11 3.3.03 4.9-1.2 1.77-2.35 2.31-2.97 3.45-.25.46-.35.76-.35 2.24h-2.89c-.01-.78-.13-2.05.48-3.15M14 20c0 1.1-.9 2-2 2s-2-.9-2-2 .9-2 2-2 2 .9 2 2"
                  />
                </svg>
              </span>
              rejectionDialog.buttonText
            </button>
          </div>
          <div>
            <button
              aria-label="tooltip.open: tooltip.visualizationSize"
            >
              <svg
                aria-hidden="true"
                class="MuiSvgIcon-root MuiSvgIcon-colorInfo MuiSvgIcon-fontSizeMedium"
                data-testid="InfoIcon"
                focusable="false"
                viewBox="0 0 24 24"
              >
                <path
                  d="M12 2C6.48 2 2 6.48 2 12s4.48 10 10 10 10-4.48 10-10S17.52 2 12 2m1 15h-2v-6h2zm0-8h-2V7h2z"
                />
              </svg>
            </button>
            <div
              aria-label="tooltip.visualizationSize"
              class="MuiToggleButtonGroup-root MuiToggleButtonGroup-horizontal"
              role="group"
            >
              <button
                aria-pressed="false"
                class="MuiButtonBase-root MuiToggleButtonGroup-grouped MuiToggleButtonGroup-groupedHorizontal MuiToggleButton-root MuiToggleButton-sizeSmall MuiToggleButton-primary MuiToggleButtonGroup-grouped MuiToggleButtonGroup-groupedHorizontal MuiToggleButtonGroup-firstButton"
                tabindex="0"
                type="button"
                value="100%"
              >
                previewSize.full
              </button>
              <button
                aria-pressed="true"
                class="MuiButtonBase-root MuiToggleButtonGroup-grouped MuiToggleButtonGroup-groupedHorizontal MuiToggleButton-root Mui-selected MuiToggleButton-sizeSmall MuiToggleButton-primary MuiToggleButtonGroup-grouped MuiToggleButtonGroup-groupedHorizontal MuiToggleButtonGroup-middleButton"
                tabindex="0"
                type="button"
                value="1080px"
              >
                previewSize.desktop
              </button>
              <button
                aria-pressed="false"
                class="MuiButtonBase-root MuiToggleButtonGroup-grouped MuiToggleButtonGroup-groupedHorizontal MuiToggleButton-root MuiToggleButton-sizeSmall MuiToggleButton-primary MuiToggleButtonGroup-grouped MuiToggleButtonGroup-groupedHorizontal MuiToggleButtonGroup-middleButton"
                tabindex="0"
                type="button"
                value="768px"
              >
                previewSize.tablet
              </button>
              <button
                aria-pressed="false"
                class="MuiButtonBase-root MuiToggleButtonGroup-grouped MuiToggleButtonGroup-groupedHorizontal MuiToggleButton-root MuiToggleButton-sizeSmall MuiToggleButton-primary MuiToggleButtonGroup-grouped MuiToggleButtonGroup-groupedHorizontal MuiToggleButtonGroup-lastButton"
                tabindex="0"
                type="button"
                value="360px"
              >
                previewSize.mobile
              </button>
            </div>
          </div>
        </div>
      </div>
      <div
        data-testid="visualization-settings-row"
      >
        <div
          class="sc-gKckfV bUwLyE"
        >
          <div
            class="sc-iCfMpq eOgqBS"
          >
            <div
              class="MuiFormControl-root"
            >
              <label
                class="MuiFormLabel-root MuiInputLabel-root MuiInputLabel-formControl MuiInputLabel-animated MuiInputLabel-shrink MuiInputLabel-outlined MuiFormLabel-colorPrimary MuiFormLabel-filled MuiInputLabel-root MuiInputLabel-formControl MuiInputLabel-animated MuiInputLabel-shrink MuiInputLabel-outlined"
                data-shrink="true"
                id="sorting-selector-label"
              >
                chartSettings.sort
              </label>
              <div
                class="MuiInputBase-root MuiOutlinedInput-root MuiInputBase-colorPrimary MuiInputBase-formControl MuiSelect-root"
              >
                <div
                  aria-expanded="false"
                  aria-haspopup="listbox"
                  aria-labelledby="sorting-selector-label sorting-selector"
                  class="MuiSelect-select MuiSelect-outlined MuiInputBase-input MuiOutlinedInput-input"
                  id="sorting-selector"
                  role="combobox"
                  tabindex="0"
                >
                  aaa
                </div>
                <input
                  aria-hidden="true"
                  aria-invalid="false"
                  class="MuiSelect-nativeInput"
                  tabindex="-1"
                  value="DESCENDING"
                />
                <svg
                  aria-hidden="true"
                  class="MuiSvgIcon-root MuiSvgIcon-fontSizeMedium MuiSelect-icon MuiSelect-iconOutlined"
                  data-testid="ArrowDropDownIcon"
                  focusable="false"
                  viewBox="0 0 24 24"
                >
                  <path
                    d="M7 10l5 5 5-5z"
                  />
                </svg>
                <fieldset
                  aria-hidden="true"
                  class="MuiOutlinedInput-notchedOutline"
                >
                  <legend>
                    <span>
                      chartSettings.sort
                    </span>
                  </legend>
                </fieldset>
              </div>
            </div>
            <div
              class="MuiStack-root sc-dkPvMp ihyxAO"
            >
              <div
                class="MuiBox-root"
              >
                <p
                  class="MuiTypography-root MuiTypography-body1 MuiTypography-gutterBottom"
                  id="input-slider"
                >
                  chartSettings.markerScale
                </p>
                <span
                  class="MuiSlider-root MuiSlider-marked MuiSlider-colorPrimary MuiSlider-sizeMedium sc-hKwAaq fZfqah"
                >
                  <span
                    class="MuiSlider-rail"
                  />
                  <span
                    class="MuiSlider-track"
                    style="left: 0%; width: 0%;"
                  />
                  <span
                    class="MuiSlider-mark MuiSlider-markActive"
                    data-index="0"
                    style="left: 0%;"
                  />
                  <span
                    aria-hidden="true"
                    class="MuiSlider-markLabel MuiSlider-markLabel MuiSlider-markLabelActive"
                    data-index="0"
                    style="left: 0%;"
                  >
                    1%
                  </span>
                  <span
                    class="MuiSlider-mark"
                    data-index="1"
                    style="left: 49.74874371859296%;"
                  />
                  <span
                    aria-hidden="true"
                    class="MuiSlider-markLabel MuiSlider-markLabel"
                    data-index="1"
                    style="left: 49.74874371859296%;"
                  >
                    100%
                  </span>
                  <span
                    class="MuiSlider-mark"
                    data-index="2"
                    style="left: 100%;"
                  />
                  <span
                    aria-hidden="true"
                    class="MuiSlider-markLabel MuiSlider-markLabel"
                    data-index="2"
                    style="left: 100%;"
                  >
                    200%
                  </span>
                  <span
                    class="MuiSlider-thumb MuiSlider-thumbSizeMedium MuiSlider-thumbColorPrimary MuiSlider-thumb MuiSlider-thumbSizeMedium MuiSlider-thumbColorPrimary"
                    data-index="0"
                    style="left: 0%;"
                  >
                    <input
                      aria-label="chartSettings.markerScaleDefaultLabel"
                      aria-orientation="horizontal"
                      aria-valuemax="200"
                      aria-valuemin="1"
                      aria-valuenow="1"
                      data-index="0"
                      max="200"
                      min="1"
                      step="1"
                      style="border: 0px; height: 100%; margin: -1px; overflow: hidden; padding: 0px; position: absolute; white-space: nowrap; width: 100%; direction: ltr;"
                      type="range"
                      value="1"
                    />
                    <span
                      aria-hidden="true"
                      class="MuiSlider-valueLabel"
                    >
                      <span
                        class="MuiSlider-valueLabelCircle"
                      >
                        <span
                          class="MuiSlider-valueLabelLabel"
                        >
                          1
                        </span>
                      </span>
                    </span>
                  </span>
                </span>
              </div>
            </div>
            <div
              class="MuiFormControl-root"
            >
              <label
                class="MuiFormControlLabel-root MuiFormControlLabel-labelPlacementEnd"
              >
                <span
                  class="MuiSwitch-root MuiSwitch-sizeSmall"
                >
                  <span
                    class="MuiButtonBase-root MuiSwitch-switchBase MuiSwitch-colorPrimary PrivateSwitchBase-root MuiSwitch-switchBase MuiSwitch-colorPrimary"
                  >
                    <input
                      class="PrivateSwitchBase-input MuiSwitch-input"
                      role="switch"
                      type="checkbox"
                    />
                    <span
                      class="MuiSwitch-thumb"
                    />
                  </span>
                  <span
                    class="MuiSwitch-track"
                  />
                </span>
                <span
                  class="MuiTypography-root MuiTypography-body1 MuiFormControlLabel-label"
                >
                  <p
                    class="MuiTypography-root MuiTypography-body1 sc-jRQzZg gDcclH"
                  >
                    chartSettings.cutYAxis
                  </p>
                </span>
              </label>
            </div>
            <div
              class="MuiFormControl-root"
            >
              <label
                class="MuiFormControlLabel-root MuiFormControlLabel-labelPlacementEnd"
              >
                <span
                  class="MuiSwitch-root MuiSwitch-sizeSmall"
                >
                  <span
                    class="MuiButtonBase-root MuiSwitch-switchBase MuiSwitch-colorPrimary PrivateSwitchBase-root MuiSwitch-switchBase MuiSwitch-colorPrimary"
                  >
                    <input
                      class="PrivateSwitchBase-input MuiSwitch-input"
                      role="switch"
                      type="checkbox"
                    />
                    <span
                      class="MuiSwitch-thumb"
                    />
                  </span>
                  <span
                    class="MuiSwitch-track"
                  />
                </span>
                <span
                  class="MuiTypography-root MuiTypography-body1 MuiFormControlLabel-label"
                >
                  <p
                    class="MuiTypography-root MuiTypography-body1 sc-jRQzZg gDcclH"
                  >
                    visualizationSettings.showDataPoints
                  </p>
                </span>
              </label>
            </div>
          </div>
        </div>
      </div>
    </div>
  </div>
</DocumentFragment>
`;
