// Jest Snapshot v1, https://jestjs.io/docs/snapshot-testing

exports[`Rendering test renders correctly 1`] = `
<DocumentFragment>
  <a
    class="MuiButtonBase-root MuiListItemButton-root MuiListItemButton-gutters"
    data-discover="true"
    href="/editor/asd123/id/"
    tabindex="0"
  >
    <div
      class="MuiListItemText-root"
    >
      <span
        class="MuiTypography-root MuiTypography-body1 MuiListItemText-primary"
      >
        <p
          class="MuiTypography-root MuiTypography-body1"
        >
          text-fi
        </p>
        <p
          class="MuiTypography-root MuiTypography-body2"
        >
          tableSelect.updated: 13.10.2021 klo 14.53.06
        </p>
      </span>
    </div>
  </a>
  <hr
    class="MuiDivider-root MuiDivider-fullWidth"
  />
</DocumentFragment>
`;
