// Jest Snapshot v1, https://jestjs.io/docs/snapshot-testing

exports[`Rendering test renders correctly 1`] = `
<DocumentFragment>
  <div
    class="MuiFormControl-root"
  >
    <label
      class="MuiFormControlLabel-root MuiFormControlLabel-labelPlacementEnd"
    >
      <span
        class="MuiSwitch-root MuiSwitch-sizeSmall"
      >
        <span
          class="MuiButtonBase-root MuiSwitch-switchBase MuiSwitch-colorPrimary Mui-checked PrivateSwitchBase-root MuiSwitch-switchBase MuiSwitch-colorPrimary Mui-checked Mui-checked"
        >
          <input
            checked=""
            class="PrivateSwitchBase-input MuiSwitch-input"
            role="switch"
            type="checkbox"
          />
          <span
            class="MuiSwitch-thumb"
          />
        </span>
        <span
          class="MuiSwitch-track"
        />
      </span>
      <span
        class="MuiTypography-root MuiTypography-body1 MuiFormControlLabel-label"
      >
        <p
          class="MuiTypography-root MuiTypography-body1 sc-gsDLFA iJdkca"
        >
          label
        </p>
      </span>
    </label>
  </div>
</DocumentFragment>
`;
