// Jest Snapshot v1, https://goo.gl/fbAQLP

exports[`Rendering test renders correctly 1`] = `
<DocumentFragment>
  <div
    class="sc-jPkiSJ gDbOmk"
  >
    <p
      class="MuiTypography-root MuiTypography-body2 css-1wle3ir-MuiTypography-root"
    >
      variableSelect.title
    </p>
    <button
      aria-label="tooltip.open: variableSelect.title"
      class="sc-cUiCeM cxsgJn"
      id="mainContent"
    >
      <svg
        aria-hidden="true"
        class="MuiSvgIcon-root MuiSvgIcon-colorInfo MuiSvgIcon-fontSizeMedium css-ocq0ss-MuiSvgIcon-root"
        data-testid="InfoIcon"
        focusable="false"
        viewBox="0 0 24 24"
      >
        <path
          d="M12 2C6.48 2 2 6.48 2 12s4.48 10 10 10 10-4.48 10-10S17.52 2 12 2m1 15h-2v-6h2zm0-8h-2V7h2z"
        />
      </svg>
    </button>
  </div>
  <div
    class="MuiPaper-root MuiPaper-elevation MuiPaper-rounded MuiPaper-elevation1 MuiAccordion-root MuiAccordion-rounded Mui-expanded MuiAccordion-gutters sc-lixPIL hhKrnM css-1808mag-MuiPaper-root-MuiAccordion-root"
    style="--Paper-shadow: 0px 2px 1px -1px rgba(0,0,0,0.2),0px 1px 1px 0px rgba(0,0,0,0.14),0px 1px 3px 0px rgba(0,0,0,0.12);"
  >
    <h3
      class="MuiAccordion-heading css-cy7rkm-MuiAccordion-heading"
    >
      <button
        aria-controls="panel1a-content"
        aria-expanded="true"
        class="MuiButtonBase-root MuiAccordionSummary-root Mui-expanded MuiAccordionSummary-gutters css-1f1pi2l-MuiButtonBase-root-MuiAccordionSummary-root"
        tabindex="0"
        type="button"
      >
        <span
          class="MuiAccordionSummary-content Mui-expanded MuiAccordionSummary-contentGutters css-yfrx4k-MuiAccordionSummary-content"
        >
          <h2
            class="MuiTypography-root MuiTypography-h2 css-o2za6n-MuiTypography-root"
          >
            <b>
              AnalyysimuuttujaFi 1/1
            </b>
          </h2>
        </span>
        <span
          class="MuiAccordionSummary-expandIconWrapper Mui-expanded css-1wqf3nl-MuiAccordionSummary-expandIconWrapper"
        >
          <svg
            aria-hidden="true"
            class="MuiSvgIcon-root MuiSvgIcon-fontSizeMedium css-1umw9bq-MuiSvgIcon-root"
            data-testid="ExpandMoreIcon"
            focusable="false"
            viewBox="0 0 24 24"
          >
            <path
              d="M16.59 8.59 12 13.17 7.41 8.59 6 10l6 6 6-6z"
            />
          </svg>
        </span>
      </button>
    </h3>
    <div
      class="MuiCollapse-root MuiCollapse-vertical MuiCollapse-entered css-qr6njo-MuiCollapse-root"
      style="min-height: 0px;"
    >
      <div
        class="MuiCollapse-wrapper MuiCollapse-vertical css-1x6hinx-MuiCollapse-wrapper"
      >
        <div
          class="MuiCollapse-wrapperInner MuiCollapse-vertical css-1i4ywhz-MuiCollapse-wrapperInner"
        >
          <div
            class="MuiAccordion-region"
            id="panel1a-content"
            role="region"
          >
            <div
              class="MuiAccordionDetails-root sc-cZSric doygIH css-1lj39kh-MuiAccordionDetails-root"
            >
              <div
                class="MuiStack-root sc-jJAtPt bTLmYV css-1sazv7p-MuiStack-root"
              >
                <div
                  class="MuiStack-root sc-cXawGu iAjbKI css-m69qwo-MuiStack-root"
                >
                  <span
                    aria-label="variableSelect.openMenu"
                    class="MuiButtonBase-root MuiIconButton-root MuiIconButton-sizeMedium css-53g0n7-MuiButtonBase-root-MuiIconButton-root"
                    role="button"
                    style="padding-left: 0px; margin-right: 12px;"
                    tabindex="0"
                  >
                    <svg
                      aria-hidden="true"
                      class="MuiSvgIcon-root MuiSvgIcon-fontSizeMedium css-1umw9bq-MuiSvgIcon-root"
                      data-testid="MenuIcon"
                      focusable="false"
                      viewBox="0 0 24 24"
                    >
                      <path
                        d="M3 18h18v-2H3zm0-5h18v-2H3zm0-7v2h18V6z"
                      />
                    </svg>
                  </span>
                  <div
                    class="MuiAutocomplete-root MuiAutocomplete-hasClearIcon MuiAutocomplete-hasPopupIcon sc-iQQCXo lkWepn css-o5oj2-MuiAutocomplete-root"
                  >
                    <div
                      class="MuiFormControl-root MuiFormControl-fullWidth MuiTextField-root css-cmpglg-MuiFormControl-root-MuiTextField-root"
                    >
                      <label
                        class="MuiFormLabel-root MuiInputLabel-root MuiInputLabel-formControl MuiInputLabel-animated MuiInputLabel-shrink MuiInputLabel-outlined MuiFormLabel-colorPrimary MuiInputLabel-root MuiInputLabel-formControl MuiInputLabel-animated MuiInputLabel-shrink MuiInputLabel-outlined css-113d811-MuiFormLabel-root-MuiInputLabel-root"
                        data-shrink="true"
                        for=":r1:"
                        id=":r1:-label"
                      >
                        variableSelect.itemFilter
                      </label>
                      <div
                        class="MuiInputBase-root MuiOutlinedInput-root MuiInputBase-colorPrimary MuiInputBase-fullWidth MuiInputBase-formControl MuiInputBase-adornedStart MuiInputBase-adornedEnd MuiAutocomplete-inputRoot css-1e3qgpi-MuiInputBase-root-MuiOutlinedInput-root"
                      >
                        <div
                          class="MuiButtonBase-root MuiChip-root MuiChip-filled MuiChip-sizeMedium MuiChip-colorDefault MuiChip-deletable MuiChip-deletableColorDefault MuiChip-filledDefault MuiAutocomplete-tag MuiAutocomplete-tagSizeMedium css-16yb58i-MuiButtonBase-root-MuiChip-root"
                          data-tag-index="0"
                          role="button"
                          tabindex="-1"
                        >
                          <span
                            class="MuiChip-label MuiChip-labelMedium css-1dybbl5-MuiChip-label"
                          >
                            ekaFi
                          </span>
                          <svg
                            aria-hidden="true"
                            class="MuiSvgIcon-root MuiSvgIcon-fontSizeMedium MuiChip-deleteIcon MuiChip-deleteIconMedium MuiChip-deleteIconColorDefault MuiChip-deleteIconFilledColorDefault css-1umw9bq-MuiSvgIcon-root"
                            data-testid="CancelIcon"
                            focusable="false"
                            viewBox="0 0 24 24"
                          >
                            <path
                              d="M12 2C6.47 2 2 6.47 2 12s4.47 10 10 10 10-4.47 10-10S17.53 2 12 2zm5 13.59L15.59 17 12 13.41 8.41 17 7 15.59 10.59 12 7 8.41 8.41 7 12 10.59 15.59 7 17 8.41 13.41 12 17 15.59z"
                            />
                          </svg>
                        </div>
                        <input
                          aria-autocomplete="list"
                          aria-expanded="false"
                          aria-invalid="false"
                          autocapitalize="none"
                          autocomplete="off"
                          class="MuiInputBase-input MuiOutlinedInput-input MuiInputBase-inputAdornedStart MuiInputBase-inputAdornedEnd MuiAutocomplete-input MuiAutocomplete-inputFocused css-qve9l1-MuiInputBase-input-MuiOutlinedInput-input"
                          id=":r1:"
                          role="combobox"
                          spellcheck="false"
                          type="text"
                          value=""
                        />
                        <div
                          class="MuiAutocomplete-endAdornment css-1uhhrmm-MuiAutocomplete-endAdornment"
                        >
                          <button
                            aria-label="selectable.clear"
                            class="MuiButtonBase-root MuiIconButton-root MuiIconButton-sizeMedium MuiAutocomplete-clearIndicator css-1x7n7v0-MuiButtonBase-root-MuiIconButton-root-MuiAutocomplete-clearIndicator"
                            tabindex="-1"
                            title="selectable.clear"
                            type="button"
                          >
                            <svg
                              aria-hidden="true"
                              class="MuiSvgIcon-root MuiSvgIcon-fontSizeSmall css-120dh41-MuiSvgIcon-root"
                              data-testid="CloseIcon"
                              focusable="false"
                              viewBox="0 0 24 24"
                            >
                              <path
                                d="M19 6.41L17.59 5 12 10.59 6.41 5 5 6.41 10.59 12 5 17.59 6.41 19 12 13.41 17.59 19 19 17.59 13.41 12z"
                              />
                            </svg>
                          </button>
                          <button
                            aria-label="selectable.open"
                            class="MuiButtonBase-root MuiIconButton-root MuiIconButton-sizeMedium MuiAutocomplete-popupIndicator css-2y136s-MuiButtonBase-root-MuiIconButton-root-MuiAutocomplete-popupIndicator"
                            tabindex="-1"
                            title="selectable.open"
                            type="button"
                          >
                            <svg
                              aria-hidden="true"
                              class="MuiSvgIcon-root MuiSvgIcon-fontSizeMedium css-1umw9bq-MuiSvgIcon-root"
                              data-testid="ArrowDropDownIcon"
                              focusable="false"
                              viewBox="0 0 24 24"
                            >
                              <path
                                d="M7 10l5 5 5-5z"
                              />
                            </svg>
                          </button>
                        </div>
                        <fieldset
                          aria-hidden="true"
                          class="MuiOutlinedInput-notchedOutline css-1ll44ll-MuiOutlinedInput-notchedOutline"
                        >
                          <legend
                            class="css-w1u3ce"
                          >
                            <span>
                              variableSelect.itemFilter
                            </span>
                          </legend>
                        </fieldset>
                      </div>
                    </div>
                  </div>
                </div>
                <div
                  class="MuiFormControl-root MuiFormControl-fullWidth css-ytlejw-MuiFormControl-root"
                >
                  <label
                    class="MuiFormControlLabel-root MuiFormControlLabel-labelPlacementEnd css-19opgx6-MuiFormControlLabel-root"
                  >
                    <span
                      class="MuiSwitch-root MuiSwitch-sizeMedium css-rehya9-MuiSwitch-root"
                    >
                      <span
                        class="MuiButtonBase-root MuiSwitch-switchBase MuiSwitch-colorPrimary PrivateSwitchBase-root MuiSwitch-switchBase MuiSwitch-colorPrimary css-161ms7l-MuiButtonBase-root-MuiSwitch-switchBase"
                      >
                        <input
                          class="PrivateSwitchBase-input MuiSwitch-input css-j8yymo"
                          type="checkbox"
                        />
                        <span
                          class="MuiSwitch-thumb css-17jyosd-MuiSwitch-thumb"
                        />
                      </span>
                      <span
                        class="MuiSwitch-track css-tj8d99-MuiSwitch-track"
                      />
                    </span>
                    <span
                      class="MuiTypography-root MuiTypography-body1 MuiFormControlLabel-label css-rizt0-MuiTypography-root"
                    >
                      variableSelect.selectable
                    </span>
                  </label>
                </div>
              </div>
            </div>
          </div>
        </div>
      </div>
    </div>
  </div>
  <div
    class="MuiPaper-root MuiPaper-elevation MuiPaper-rounded MuiPaper-elevation1 MuiAccordion-root MuiAccordion-rounded Mui-expanded MuiAccordion-gutters sc-lixPIL hhKrnM css-1808mag-MuiPaper-root-MuiAccordion-root"
    style="--Paper-shadow: 0px 2px 1px -1px rgba(0,0,0,0.2),0px 1px 1px 0px rgba(0,0,0,0.14),0px 1px 3px 0px rgba(0,0,0,0.12);"
  >
    <h3
      class="MuiAccordion-heading css-cy7rkm-MuiAccordion-heading"
    >
      <button
        aria-controls="panel1a-content"
        aria-expanded="true"
        class="MuiButtonBase-root MuiAccordionSummary-root Mui-expanded MuiAccordionSummary-gutters css-1f1pi2l-MuiButtonBase-root-MuiAccordionSummary-root"
        tabindex="0"
        type="button"
      >
        <span
          class="MuiAccordionSummary-content Mui-expanded MuiAccordionSummary-contentGutters css-yfrx4k-MuiAccordionSummary-content"
        >
          <h2
            class="MuiTypography-root MuiTypography-h2 css-o2za6n-MuiTypography-root"
          >
            <b>
              Vuosi 4/4
            </b>
          </h2>
        </span>
        <span
          class="MuiAccordionSummary-expandIconWrapper Mui-expanded css-1wqf3nl-MuiAccordionSummary-expandIconWrapper"
        >
          <svg
            aria-hidden="true"
            class="MuiSvgIcon-root MuiSvgIcon-fontSizeMedium css-1umw9bq-MuiSvgIcon-root"
            data-testid="ExpandMoreIcon"
            focusable="false"
            viewBox="0 0 24 24"
          >
            <path
              d="M16.59 8.59 12 13.17 7.41 8.59 6 10l6 6 6-6z"
            />
          </svg>
        </span>
      </button>
    </h3>
    <div
      class="MuiCollapse-root MuiCollapse-vertical MuiCollapse-entered css-qr6njo-MuiCollapse-root"
      style="min-height: 0px;"
    >
      <div
        class="MuiCollapse-wrapper MuiCollapse-vertical css-1x6hinx-MuiCollapse-wrapper"
      >
        <div
          class="MuiCollapse-wrapperInner MuiCollapse-vertical css-1i4ywhz-MuiCollapse-wrapperInner"
        >
          <div
            class="MuiAccordion-region"
            id="panel1a-content"
            role="region"
          >
            <div
              class="MuiAccordionDetails-root sc-cZSric doygIH css-1lj39kh-MuiAccordionDetails-root"
            >
              <div
                class="MuiStack-root sc-jJAtPt bTLmYV css-1sazv7p-MuiStack-root"
              >
                <div
                  class="MuiStack-root sc-cXawGu iAjbKI css-m69qwo-MuiStack-root"
                >
                  <span
                    aria-label="variableSelect.openMenu"
                    class="MuiButtonBase-root MuiIconButton-root MuiIconButton-sizeMedium css-53g0n7-MuiButtonBase-root-MuiIconButton-root"
                    role="button"
                    style="padding-left: 0px; margin-right: 12px;"
                    tabindex="0"
                  >
                    <svg
                      aria-hidden="true"
                      class="MuiSvgIcon-root MuiSvgIcon-fontSizeMedium css-1umw9bq-MuiSvgIcon-root"
                      data-testid="MenuIcon"
                      focusable="false"
                      viewBox="0 0 24 24"
                    >
                      <path
                        d="M3 18h18v-2H3zm0-5h18v-2H3zm0-7v2h18V6z"
                      />
                    </svg>
                  </span>
                  <div
                    class="MuiFormControl-root MuiFormControl-fullWidth MuiTextField-root sc-icnseD bEmCvr css-cmpglg-MuiFormControl-root-MuiTextField-root"
                  >
                    <label
                      class="MuiFormLabel-root MuiInputLabel-root MuiInputLabel-formControl MuiInputLabel-animated MuiInputLabel-shrink MuiInputLabel-outlined MuiFormLabel-colorPrimary MuiFormLabel-filled MuiInputLabel-root MuiInputLabel-formControl MuiInputLabel-animated MuiInputLabel-shrink MuiInputLabel-outlined css-113d811-MuiFormLabel-root-MuiInputLabel-root"
                      data-shrink="true"
                      for=":r6:"
                      id=":r6:-label"
                    >
                      variableSelect.topFilter
                    </label>
                    <div
                      class="MuiInputBase-root MuiOutlinedInput-root MuiInputBase-colorPrimary MuiInputBase-fullWidth MuiInputBase-formControl css-1blp12k-MuiInputBase-root-MuiOutlinedInput-root"
                    >
                      <input
                        aria-invalid="false"
                        class="MuiInputBase-input MuiOutlinedInput-input css-16wblaj-MuiInputBase-input-MuiOutlinedInput-input"
                        id=":r6:"
                        inputmode="numeric"
                        pattern="[0-9]*"
                        type="text"
                        value="4"
                      />
                      <fieldset
                        aria-hidden="true"
                        class="MuiOutlinedInput-notchedOutline css-1ll44ll-MuiOutlinedInput-notchedOutline"
                      >
                        <legend
                          class="css-w1u3ce"
                        >
                          <span>
                            variableSelect.topFilter
                          </span>
                        </legend>
                      </fieldset>
                    </div>
                  </div>
                </div>
                <div
                  class="MuiStack-root sc-dIMoHT gaCGej css-nen11g-MuiStack-root"
                >
                  <p
                    class="MuiTypography-root MuiTypography-body1 css-rizt0-MuiTypography-root"
                  >
                    general.results:
                  </p>
                  <ul
                    class="MuiList-root MuiList-padding MuiList-dense sc-Qotzb kfVHXg css-st2ob2-MuiList-root"
                  >
                    <li
                      class="MuiListItem-root MuiListItem-dense MuiListItem-gutters MuiListItem-padding sc-fYsHOw clBvbN css-qyw6ft-MuiListItem-root"
                    >
                      <div
                        class="MuiListItemText-root MuiListItemText-dense css-cfq8qh-MuiListItemText-root"
                      >
                        <span
                          class="MuiTypography-root MuiTypography-body2 MuiListItemText-primary css-7ctihp-MuiTypography-root"
                        >
                          2018
                        </span>
                      </div>
                    </li>
                    <li
                      class="MuiListItem-root MuiListItem-dense MuiListItem-gutters MuiListItem-padding sc-fYsHOw clBvbN css-qyw6ft-MuiListItem-root"
                    >
                      <div
                        class="MuiListItemText-root MuiListItemText-dense css-cfq8qh-MuiListItemText-root"
                      >
                        <span
                          class="MuiTypography-root MuiTypography-body2 MuiListItemText-primary css-7ctihp-MuiTypography-root"
                        >
                          2019
                        </span>
                      </div>
                    </li>
                    <li
                      class="MuiListItem-root MuiListItem-dense MuiListItem-gutters MuiListItem-padding sc-fYsHOw clBvbN css-qyw6ft-MuiListItem-root"
                    >
                      <div
                        class="MuiListItemText-root MuiListItemText-dense css-cfq8qh-MuiListItemText-root"
                      >
                        <span
                          class="MuiTypography-root MuiTypography-body2 MuiListItemText-primary css-7ctihp-MuiTypography-root"
                        >
                          2020
                        </span>
                      </div>
                    </li>
                    <li
                      class="MuiListItem-root MuiListItem-dense MuiListItem-gutters MuiListItem-padding sc-fYsHOw clBvbN css-qyw6ft-MuiListItem-root"
                    >
                      <div
                        class="MuiListItemText-root MuiListItemText-dense css-cfq8qh-MuiListItemText-root"
                      >
                        <span
                          class="MuiTypography-root MuiTypography-body2 MuiListItemText-primary css-7ctihp-MuiTypography-root"
                        >
                          2021*
                        </span>
                      </div>
                    </li>
                  </ul>
                </div>
                <div
                  class="MuiFormControl-root MuiFormControl-fullWidth css-ytlejw-MuiFormControl-root"
                >
                  <label
                    class="MuiFormControlLabel-root MuiFormControlLabel-labelPlacementEnd css-19opgx6-MuiFormControlLabel-root"
                  >
                    <span
                      class="MuiSwitch-root MuiSwitch-sizeMedium css-rehya9-MuiSwitch-root"
                    >
                      <span
                        class="MuiButtonBase-root MuiSwitch-switchBase MuiSwitch-colorPrimary PrivateSwitchBase-root MuiSwitch-switchBase MuiSwitch-colorPrimary css-161ms7l-MuiButtonBase-root-MuiSwitch-switchBase"
                      >
                        <input
                          class="PrivateSwitchBase-input MuiSwitch-input css-j8yymo"
                          type="checkbox"
                        />
                        <span
                          class="MuiSwitch-thumb css-17jyosd-MuiSwitch-thumb"
                        />
                      </span>
                      <span
                        class="MuiSwitch-track css-tj8d99-MuiSwitch-track"
                      />
                    </span>
                    <span
                      class="MuiTypography-root MuiTypography-body1 MuiFormControlLabel-label css-rizt0-MuiTypography-root"
                    >
                      variableSelect.selectable
                    </span>
                  </label>
                </div>
              </div>
            </div>
          </div>
        </div>
      </div>
    </div>
  </div>
  <div
    class="MuiPaper-root MuiPaper-elevation MuiPaper-rounded MuiPaper-elevation1 MuiAccordion-root MuiAccordion-rounded Mui-expanded MuiAccordion-gutters sc-lixPIL hhKrnM css-1808mag-MuiPaper-root-MuiAccordion-root"
    style="--Paper-shadow: 0px 2px 1px -1px rgba(0,0,0,0.2),0px 1px 1px 0px rgba(0,0,0,0.14),0px 1px 3px 0px rgba(0,0,0,0.12);"
  >
    <h3
      class="MuiAccordion-heading css-cy7rkm-MuiAccordion-heading"
    >
      <button
        aria-controls="panel1a-content"
        aria-expanded="true"
        class="MuiButtonBase-root MuiAccordionSummary-root Mui-expanded MuiAccordionSummary-gutters css-1f1pi2l-MuiButtonBase-root-MuiAccordionSummary-root"
        tabindex="0"
        type="button"
      >
        <span
          class="MuiAccordionSummary-content Mui-expanded MuiAccordionSummary-contentGutters css-yfrx4k-MuiAccordionSummary-content"
        >
          <h2
            class="MuiTypography-root MuiTypography-h2 css-o2za6n-MuiTypography-root"
          >
            <b>
              FoobarManualFi 2/3
            </b>
          </h2>
        </span>
        <span
          class="MuiAccordionSummary-expandIconWrapper Mui-expanded css-1wqf3nl-MuiAccordionSummary-expandIconWrapper"
        >
          <svg
            aria-hidden="true"
            class="MuiSvgIcon-root MuiSvgIcon-fontSizeMedium css-1umw9bq-MuiSvgIcon-root"
            data-testid="ExpandMoreIcon"
            focusable="false"
            viewBox="0 0 24 24"
          >
            <path
              d="M16.59 8.59 12 13.17 7.41 8.59 6 10l6 6 6-6z"
            />
          </svg>
        </span>
      </button>
    </h3>
    <div
      class="MuiCollapse-root MuiCollapse-vertical MuiCollapse-entered css-qr6njo-MuiCollapse-root"
      style="min-height: 0px;"
    >
      <div
        class="MuiCollapse-wrapper MuiCollapse-vertical css-1x6hinx-MuiCollapse-wrapper"
      >
        <div
          class="MuiCollapse-wrapperInner MuiCollapse-vertical css-1i4ywhz-MuiCollapse-wrapperInner"
        >
          <div
            class="MuiAccordion-region"
            id="panel1a-content"
            role="region"
          >
            <div
              class="MuiAccordionDetails-root sc-cZSric doygIH css-1lj39kh-MuiAccordionDetails-root"
            >
              <div
                class="MuiStack-root sc-jJAtPt bTLmYV css-1sazv7p-MuiStack-root"
              >
                <div
                  class="MuiStack-root sc-cXawGu iAjbKI css-m69qwo-MuiStack-root"
                >
                  <span
                    aria-label="variableSelect.openMenu"
                    class="MuiButtonBase-root MuiIconButton-root MuiIconButton-sizeMedium css-53g0n7-MuiButtonBase-root-MuiIconButton-root"
                    role="button"
                    style="padding-left: 0px; margin-right: 12px;"
                    tabindex="0"
                  >
                    <svg
                      aria-hidden="true"
                      class="MuiSvgIcon-root MuiSvgIcon-fontSizeMedium css-1umw9bq-MuiSvgIcon-root"
                      data-testid="MenuIcon"
                      focusable="false"
                      viewBox="0 0 24 24"
                    >
                      <path
                        d="M3 18h18v-2H3zm0-5h18v-2H3zm0-7v2h18V6z"
                      />
                    </svg>
                  </span>
                  <div
                    class="MuiAutocomplete-root MuiAutocomplete-hasClearIcon MuiAutocomplete-hasPopupIcon sc-iQQCXo lkWepn css-o5oj2-MuiAutocomplete-root"
                  >
                    <div
                      class="MuiFormControl-root MuiFormControl-fullWidth MuiTextField-root css-cmpglg-MuiFormControl-root-MuiTextField-root"
                    >
                      <label
                        class="MuiFormLabel-root MuiInputLabel-root MuiInputLabel-formControl MuiInputLabel-animated MuiInputLabel-shrink MuiInputLabel-outlined MuiFormLabel-colorPrimary MuiInputLabel-root MuiInputLabel-formControl MuiInputLabel-animated MuiInputLabel-shrink MuiInputLabel-outlined css-113d811-MuiFormLabel-root-MuiInputLabel-root"
                        data-shrink="true"
                        for=":r8:"
                        id=":r8:-label"
                      >
                        variableSelect.itemFilter
                      </label>
                      <div
                        class="MuiInputBase-root MuiOutlinedInput-root MuiInputBase-colorPrimary MuiInputBase-fullWidth MuiInputBase-formControl MuiInputBase-adornedStart MuiInputBase-adornedEnd MuiAutocomplete-inputRoot css-1e3qgpi-MuiInputBase-root-MuiOutlinedInput-root"
                      >
                        <div
                          class="MuiButtonBase-root MuiChip-root MuiChip-filled MuiChip-sizeMedium MuiChip-colorDefault MuiChip-deletable MuiChip-deletableColorDefault MuiChip-filledDefault MuiAutocomplete-tag MuiAutocomplete-tagSizeMedium css-16yb58i-MuiButtonBase-root-MuiChip-root"
                          data-tag-index="0"
                          role="button"
                          tabindex="-1"
                        >
                          <span
                            class="MuiChip-label MuiChip-labelMedium css-1dybbl5-MuiChip-label"
                          >
                            ekaFi
                          </span>
                          <svg
                            aria-hidden="true"
                            class="MuiSvgIcon-root MuiSvgIcon-fontSizeMedium MuiChip-deleteIcon MuiChip-deleteIconMedium MuiChip-deleteIconColorDefault MuiChip-deleteIconFilledColorDefault css-1umw9bq-MuiSvgIcon-root"
                            data-testid="CancelIcon"
                            focusable="false"
                            viewBox="0 0 24 24"
                          >
                            <path
                              d="M12 2C6.47 2 2 6.47 2 12s4.47 10 10 10 10-4.47 10-10S17.53 2 12 2zm5 13.59L15.59 17 12 13.41 8.41 17 7 15.59 10.59 12 7 8.41 8.41 7 12 10.59 15.59 7 17 8.41 13.41 12 17 15.59z"
                            />
                          </svg>
                        </div>
                        <div
                          class="MuiButtonBase-root MuiChip-root MuiChip-filled MuiChip-sizeMedium MuiChip-colorDefault MuiChip-deletable MuiChip-deletableColorDefault MuiChip-filledDefault MuiAutocomplete-tag MuiAutocomplete-tagSizeMedium css-16yb58i-MuiButtonBase-root-MuiChip-root"
                          data-tag-index="1"
                          role="button"
                          tabindex="-1"
                        >
                          <span
                            class="MuiChip-label MuiChip-labelMedium css-1dybbl5-MuiChip-label"
                          >
                            tokaFi
                          </span>
                          <svg
                            aria-hidden="true"
                            class="MuiSvgIcon-root MuiSvgIcon-fontSizeMedium MuiChip-deleteIcon MuiChip-deleteIconMedium MuiChip-deleteIconColorDefault MuiChip-deleteIconFilledColorDefault css-1umw9bq-MuiSvgIcon-root"
                            data-testid="CancelIcon"
                            focusable="false"
                            viewBox="0 0 24 24"
                          >
                            <path
                              d="M12 2C6.47 2 2 6.47 2 12s4.47 10 10 10 10-4.47 10-10S17.53 2 12 2zm5 13.59L15.59 17 12 13.41 8.41 17 7 15.59 10.59 12 7 8.41 8.41 7 12 10.59 15.59 7 17 8.41 13.41 12 17 15.59z"
                            />
                          </svg>
                        </div>
                        <input
                          aria-autocomplete="list"
                          aria-expanded="false"
                          aria-invalid="false"
                          autocapitalize="none"
                          autocomplete="off"
                          class="MuiInputBase-input MuiOutlinedInput-input MuiInputBase-inputAdornedStart MuiInputBase-inputAdornedEnd MuiAutocomplete-input MuiAutocomplete-inputFocused css-qve9l1-MuiInputBase-input-MuiOutlinedInput-input"
                          id=":r8:"
                          role="combobox"
                          spellcheck="false"
                          type="text"
                          value=""
                        />
                        <div
                          class="MuiAutocomplete-endAdornment css-1uhhrmm-MuiAutocomplete-endAdornment"
                        >
                          <button
                            aria-label="selectable.clear"
                            class="MuiButtonBase-root MuiIconButton-root MuiIconButton-sizeMedium MuiAutocomplete-clearIndicator css-1x7n7v0-MuiButtonBase-root-MuiIconButton-root-MuiAutocomplete-clearIndicator"
                            tabindex="-1"
                            title="selectable.clear"
                            type="button"
                          >
                            <svg
                              aria-hidden="true"
                              class="MuiSvgIcon-root MuiSvgIcon-fontSizeSmall css-120dh41-MuiSvgIcon-root"
                              data-testid="CloseIcon"
                              focusable="false"
                              viewBox="0 0 24 24"
                            >
                              <path
                                d="M19 6.41L17.59 5 12 10.59 6.41 5 5 6.41 10.59 12 5 17.59 6.41 19 12 13.41 17.59 19 19 17.59 13.41 12z"
                              />
                            </svg>
                          </button>
                          <button
                            aria-label="selectable.open"
                            class="MuiButtonBase-root MuiIconButton-root MuiIconButton-sizeMedium MuiAutocomplete-popupIndicator css-2y136s-MuiButtonBase-root-MuiIconButton-root-MuiAutocomplete-popupIndicator"
                            tabindex="-1"
                            title="selectable.open"
                            type="button"
                          >
                            <svg
                              aria-hidden="true"
                              class="MuiSvgIcon-root MuiSvgIcon-fontSizeMedium css-1umw9bq-MuiSvgIcon-root"
                              data-testid="ArrowDropDownIcon"
                              focusable="false"
                              viewBox="0 0 24 24"
                            >
                              <path
                                d="M7 10l5 5 5-5z"
                              />
                            </svg>
                          </button>
                        </div>
                        <fieldset
                          aria-hidden="true"
                          class="MuiOutlinedInput-notchedOutline css-1ll44ll-MuiOutlinedInput-notchedOutline"
                        >
                          <legend
                            class="css-w1u3ce"
                          >
                            <span>
                              variableSelect.itemFilter
                            </span>
                          </legend>
                        </fieldset>
                      </div>
                    </div>
                  </div>
                </div>
                <div
                  class="MuiFormControl-root MuiFormControl-fullWidth css-ytlejw-MuiFormControl-root"
                >
                  <label
                    class="MuiFormControlLabel-root MuiFormControlLabel-labelPlacementEnd css-19opgx6-MuiFormControlLabel-root"
                  >
                    <span
                      class="MuiSwitch-root MuiSwitch-sizeMedium css-rehya9-MuiSwitch-root"
                    >
                      <span
                        class="MuiButtonBase-root MuiSwitch-switchBase MuiSwitch-colorPrimary PrivateSwitchBase-root MuiSwitch-switchBase MuiSwitch-colorPrimary css-161ms7l-MuiButtonBase-root-MuiSwitch-switchBase"
                      >
                        <input
                          class="PrivateSwitchBase-input MuiSwitch-input css-j8yymo"
                          type="checkbox"
                        />
                        <span
                          class="MuiSwitch-thumb css-17jyosd-MuiSwitch-thumb"
                        />
                      </span>
                      <span
                        class="MuiSwitch-track css-tj8d99-MuiSwitch-track"
                      />
                    </span>
                    <span
                      class="MuiTypography-root MuiTypography-body1 MuiFormControlLabel-label css-rizt0-MuiTypography-root"
                    >
                      variableSelect.selectable
                    </span>
                  </label>
                </div>
              </div>
            </div>
          </div>
        </div>
      </div>
    </div>
  </div>
  <div
    class="MuiPaper-root MuiPaper-elevation MuiPaper-rounded MuiPaper-elevation1 MuiAccordion-root MuiAccordion-rounded Mui-expanded MuiAccordion-gutters sc-lixPIL hhKrnM css-1808mag-MuiPaper-root-MuiAccordion-root"
    style="--Paper-shadow: 0px 2px 1px -1px rgba(0,0,0,0.2),0px 1px 1px 0px rgba(0,0,0,0.14),0px 1px 3px 0px rgba(0,0,0,0.12);"
  >
    <h3
      class="MuiAccordion-heading css-cy7rkm-MuiAccordion-heading"
    >
      <button
        aria-controls="panel1a-content"
        aria-expanded="true"
        class="MuiButtonBase-root MuiAccordionSummary-root Mui-expanded MuiAccordionSummary-gutters css-1f1pi2l-MuiButtonBase-root-MuiAccordionSummary-root"
        tabindex="0"
        type="button"
      >
        <span
          class="MuiAccordionSummary-content Mui-expanded MuiAccordionSummary-contentGutters css-yfrx4k-MuiAccordionSummary-content"
        >
          <h2
            class="MuiTypography-root MuiTypography-h2 css-o2za6n-MuiTypography-root"
          >
            <b>
              FoobarFromFi 3/4
            </b>
          </h2>
        </span>
        <span
          class="MuiAccordionSummary-expandIconWrapper Mui-expanded css-1wqf3nl-MuiAccordionSummary-expandIconWrapper"
        >
          <svg
            aria-hidden="true"
            class="MuiSvgIcon-root MuiSvgIcon-fontSizeMedium css-1umw9bq-MuiSvgIcon-root"
            data-testid="ExpandMoreIcon"
            focusable="false"
            viewBox="0 0 24 24"
          >
            <path
              d="M16.59 8.59 12 13.17 7.41 8.59 6 10l6 6 6-6z"
            />
          </svg>
        </span>
      </button>
    </h3>
    <div
      class="MuiCollapse-root MuiCollapse-vertical MuiCollapse-entered css-qr6njo-MuiCollapse-root"
      style="min-height: 0px;"
    >
      <div
        class="MuiCollapse-wrapper MuiCollapse-vertical css-1x6hinx-MuiCollapse-wrapper"
      >
        <div
          class="MuiCollapse-wrapperInner MuiCollapse-vertical css-1i4ywhz-MuiCollapse-wrapperInner"
        >
          <div
            class="MuiAccordion-region"
            id="panel1a-content"
            role="region"
          >
            <div
              class="MuiAccordionDetails-root sc-cZSric doygIH css-1lj39kh-MuiAccordionDetails-root"
            >
              <div
                class="MuiStack-root sc-jJAtPt bTLmYV css-1sazv7p-MuiStack-root"
              >
                <div
                  class="MuiStack-root sc-cXawGu iAjbKI css-m69qwo-MuiStack-root"
                >
                  <span
                    aria-label="variableSelect.openMenu"
                    class="MuiButtonBase-root MuiIconButton-root MuiIconButton-sizeMedium css-53g0n7-MuiButtonBase-root-MuiIconButton-root"
                    role="button"
                    style="padding-left: 0px; margin-right: 12px;"
                    tabindex="0"
                  >
                    <svg
                      aria-hidden="true"
                      class="MuiSvgIcon-root MuiSvgIcon-fontSizeMedium css-1umw9bq-MuiSvgIcon-root"
                      data-testid="MenuIcon"
                      focusable="false"
                      viewBox="0 0 24 24"
                    >
                      <path
                        d="M3 18h18v-2H3zm0-5h18v-2H3zm0-7v2h18V6z"
                      />
                    </svg>
                  </span>
                  <div
                    class="MuiAutocomplete-root MuiAutocomplete-hasClearIcon MuiAutocomplete-hasPopupIcon sc-kpOvIu dOazTh css-1tlcqt-MuiAutocomplete-root"
                  >
                    <div
                      class="MuiFormControl-root MuiFormControl-fullWidth MuiTextField-root css-cmpglg-MuiFormControl-root-MuiTextField-root"
                    >
                      <label
                        class="MuiFormLabel-root MuiInputLabel-root MuiInputLabel-formControl MuiInputLabel-animated MuiInputLabel-shrink MuiInputLabel-outlined MuiFormLabel-colorPrimary MuiFormLabel-filled MuiInputLabel-root MuiInputLabel-formControl MuiInputLabel-animated MuiInputLabel-shrink MuiInputLabel-outlined css-113d811-MuiFormLabel-root-MuiInputLabel-root"
                        data-shrink="true"
                        for=":rd:"
                        id=":rd:-label"
                      >
                        variableSelect.fromFilter
                      </label>
                      <div
                        class="MuiInputBase-root MuiOutlinedInput-root MuiInputBase-colorPrimary MuiInputBase-fullWidth MuiInputBase-formControl MuiInputBase-adornedEnd MuiAutocomplete-inputRoot css-1n04w30-MuiInputBase-root-MuiOutlinedInput-root"
                      >
                        <input
                          aria-autocomplete="list"
                          aria-expanded="false"
                          aria-invalid="false"
                          autocapitalize="none"
                          autocomplete="off"
                          class="MuiInputBase-input MuiOutlinedInput-input MuiInputBase-inputAdornedEnd MuiAutocomplete-input MuiAutocomplete-inputFocused css-1dune0f-MuiInputBase-input-MuiOutlinedInput-input"
                          id=":rd:"
                          role="combobox"
                          spellcheck="false"
                          type="text"
                          value="bbbFi"
                        />
                        <div
                          class="MuiAutocomplete-endAdornment css-1uhhrmm-MuiAutocomplete-endAdornment"
                        >
                          <button
                            aria-label="Clear"
                            class="MuiButtonBase-root MuiIconButton-root MuiIconButton-sizeMedium MuiAutocomplete-clearIndicator css-1x7n7v0-MuiButtonBase-root-MuiIconButton-root-MuiAutocomplete-clearIndicator"
                            tabindex="-1"
                            title="Clear"
                            type="button"
                          >
                            <svg
                              aria-hidden="true"
                              class="MuiSvgIcon-root MuiSvgIcon-fontSizeSmall css-120dh41-MuiSvgIcon-root"
                              data-testid="CloseIcon"
                              focusable="false"
                              viewBox="0 0 24 24"
                            >
                              <path
                                d="M19 6.41L17.59 5 12 10.59 6.41 5 5 6.41 10.59 12 5 17.59 6.41 19 12 13.41 17.59 19 19 17.59 13.41 12z"
                              />
                            </svg>
                          </button>
                          <button
                            aria-label="Open"
                            class="MuiButtonBase-root MuiIconButton-root MuiIconButton-sizeMedium MuiAutocomplete-popupIndicator css-2y136s-MuiButtonBase-root-MuiIconButton-root-MuiAutocomplete-popupIndicator"
                            tabindex="-1"
                            title="Open"
                            type="button"
                          >
                            <svg
                              aria-hidden="true"
                              class="MuiSvgIcon-root MuiSvgIcon-fontSizeMedium css-1umw9bq-MuiSvgIcon-root"
                              data-testid="ArrowDropDownIcon"
                              focusable="false"
                              viewBox="0 0 24 24"
                            >
                              <path
                                d="M7 10l5 5 5-5z"
                              />
                            </svg>
                          </button>
                        </div>
                        <fieldset
                          aria-hidden="true"
                          class="MuiOutlinedInput-notchedOutline css-1ll44ll-MuiOutlinedInput-notchedOutline"
                        >
                          <legend
                            class="css-w1u3ce"
                          >
                            <span>
                              variableSelect.fromFilter
                            </span>
                          </legend>
                        </fieldset>
                      </div>
                    </div>
                  </div>
                </div>
                <div
                  class="MuiStack-root sc-dIMoHT gaCGej css-nen11g-MuiStack-root"
                >
                  <p
                    class="MuiTypography-root MuiTypography-body1 css-rizt0-MuiTypography-root"
                  >
                    general.results:
                  </p>
                  <ul
                    class="MuiList-root MuiList-padding MuiList-dense sc-Qotzb kfVHXg css-st2ob2-MuiList-root"
                  >
                    <li
                      class="MuiListItem-root MuiListItem-dense MuiListItem-gutters MuiListItem-padding sc-fYsHOw clBvbN css-qyw6ft-MuiListItem-root"
                    >
                      <div
                        class="MuiListItemText-root MuiListItemText-dense css-cfq8qh-MuiListItemText-root"
                      >
                        <span
                          class="MuiTypography-root MuiTypography-body2 MuiListItemText-primary css-7ctihp-MuiTypography-root"
                        >
                          bbbFi
                        </span>
                      </div>
                    </li>
                    <li
                      class="MuiListItem-root MuiListItem-dense MuiListItem-gutters MuiListItem-padding sc-fYsHOw clBvbN css-qyw6ft-MuiListItem-root"
                    >
                      <div
                        class="MuiListItemText-root MuiListItemText-dense css-cfq8qh-MuiListItemText-root"
                      >
                        <span
                          class="MuiTypography-root MuiTypography-body2 MuiListItemText-primary css-7ctihp-MuiTypography-root"
                        >
                          cccFi
                        </span>
                      </div>
                    </li>
                    <li
                      class="MuiListItem-root MuiListItem-dense MuiListItem-gutters MuiListItem-padding sc-fYsHOw clBvbN css-qyw6ft-MuiListItem-root"
                    >
                      <div
                        class="MuiListItemText-root MuiListItemText-dense css-cfq8qh-MuiListItemText-root"
                      >
                        <span
                          class="MuiTypography-root MuiTypography-body2 MuiListItemText-primary css-7ctihp-MuiTypography-root"
                        >
                          dddFi
                        </span>
                      </div>
                    </li>
                  </ul>
                </div>
                <div
                  class="MuiFormControl-root MuiFormControl-fullWidth css-ytlejw-MuiFormControl-root"
                >
                  <label
                    class="MuiFormControlLabel-root MuiFormControlLabel-labelPlacementEnd css-19opgx6-MuiFormControlLabel-root"
                  >
                    <span
                      class="MuiSwitch-root MuiSwitch-sizeMedium css-rehya9-MuiSwitch-root"
                    >
                      <span
                        class="MuiButtonBase-root MuiSwitch-switchBase MuiSwitch-colorPrimary PrivateSwitchBase-root MuiSwitch-switchBase MuiSwitch-colorPrimary css-161ms7l-MuiButtonBase-root-MuiSwitch-switchBase"
                      >
                        <input
                          class="PrivateSwitchBase-input MuiSwitch-input css-j8yymo"
                          type="checkbox"
                        />
                        <span
                          class="MuiSwitch-thumb css-17jyosd-MuiSwitch-thumb"
                        />
                      </span>
                      <span
                        class="MuiSwitch-track css-tj8d99-MuiSwitch-track"
                      />
                    </span>
                    <span
                      class="MuiTypography-root MuiTypography-body1 MuiFormControlLabel-label css-rizt0-MuiTypography-root"
                    >
                      variableSelect.selectable
                    </span>
                  </label>
                </div>
              </div>
            </div>
          </div>
        </div>
      </div>
    </div>
  </div>
  <div
    class="MuiPaper-root MuiPaper-elevation MuiPaper-rounded MuiPaper-elevation1 MuiAccordion-root MuiAccordion-rounded Mui-expanded MuiAccordion-gutters sc-lixPIL hhKrnM css-1808mag-MuiPaper-root-MuiAccordion-root"
    style="--Paper-shadow: 0px 2px 1px -1px rgba(0,0,0,0.2),0px 1px 1px 0px rgba(0,0,0,0.14),0px 1px 3px 0px rgba(0,0,0,0.12);"
  >
    <h3
      class="MuiAccordion-heading css-cy7rkm-MuiAccordion-heading"
    >
      <button
        aria-controls="panel1a-content"
        aria-expanded="true"
        class="MuiButtonBase-root MuiAccordionSummary-root Mui-expanded MuiAccordionSummary-gutters css-1f1pi2l-MuiButtonBase-root-MuiAccordionSummary-root"
        tabindex="0"
        type="button"
      >
        <span
          class="MuiAccordionSummary-content Mui-expanded MuiAccordionSummary-contentGutters css-yfrx4k-MuiAccordionSummary-content"
        >
          <h2
            class="MuiTypography-root MuiTypography-h2 css-o2za6n-MuiTypography-root"
          >
            <b>
              FoobarAllFi 3/3
            </b>
          </h2>
        </span>
        <span
          class="MuiAccordionSummary-expandIconWrapper Mui-expanded css-1wqf3nl-MuiAccordionSummary-expandIconWrapper"
        >
          <svg
            aria-hidden="true"
            class="MuiSvgIcon-root MuiSvgIcon-fontSizeMedium css-1umw9bq-MuiSvgIcon-root"
            data-testid="ExpandMoreIcon"
            focusable="false"
            viewBox="0 0 24 24"
          >
            <path
              d="M16.59 8.59 12 13.17 7.41 8.59 6 10l6 6 6-6z"
            />
          </svg>
        </span>
      </button>
    </h3>
    <div
      class="MuiCollapse-root MuiCollapse-vertical MuiCollapse-entered css-qr6njo-MuiCollapse-root"
      style="min-height: 0px;"
    >
      <div
        class="MuiCollapse-wrapper MuiCollapse-vertical css-1x6hinx-MuiCollapse-wrapper"
      >
        <div
          class="MuiCollapse-wrapperInner MuiCollapse-vertical css-1i4ywhz-MuiCollapse-wrapperInner"
        >
          <div
            class="MuiAccordion-region"
            id="panel1a-content"
            role="region"
          >
            <div
              class="MuiAccordionDetails-root sc-cZSric doygIH css-1lj39kh-MuiAccordionDetails-root"
            >
              <div
                class="MuiStack-root sc-jJAtPt bTLmYV css-1sazv7p-MuiStack-root"
              >
                <div
                  class="MuiStack-root sc-cXawGu iAjbKI css-m69qwo-MuiStack-root"
                >
                  <span
                    aria-label="variableSelect.openMenu"
                    class="MuiButtonBase-root MuiIconButton-root MuiIconButton-sizeMedium css-53g0n7-MuiButtonBase-root-MuiIconButton-root"
                    role="button"
                    style="padding-left: 0px; margin-right: 12px;"
                    tabindex="0"
                  >
                    <svg
                      aria-hidden="true"
                      class="MuiSvgIcon-root MuiSvgIcon-fontSizeMedium css-1umw9bq-MuiSvgIcon-root"
                      data-testid="MenuIcon"
                      focusable="false"
                      viewBox="0 0 24 24"
                    >
                      <path
                        d="M3 18h18v-2H3zm0-5h18v-2H3zm0-7v2h18V6z"
                      />
                    </svg>
                  </span>
                  <div
                    class="sc-gDpztx cwHzLA MuiBox-root css-0"
                  >
                    <p
                      class="MuiTypography-root MuiTypography-body1 css-rizt0-MuiTypography-root"
                    >
                      variableSelect.allFilter
                    </p>
                  </div>
                </div>
                <div
                  class="MuiStack-root sc-dIMoHT gaCGej css-nen11g-MuiStack-root"
                >
                  <p
                    class="MuiTypography-root MuiTypography-body1 css-rizt0-MuiTypography-root"
                  >
                    general.results:
                  </p>
                  <ul
                    class="MuiList-root MuiList-padding MuiList-dense sc-Qotzb kfVHXg css-st2ob2-MuiList-root"
                  >
                    <li
                      class="MuiListItem-root MuiListItem-dense MuiListItem-gutters MuiListItem-padding sc-fYsHOw clBvbN css-qyw6ft-MuiListItem-root"
                    >
                      <div
                        class="MuiListItemText-root MuiListItemText-dense css-cfq8qh-MuiListItemText-root"
                      >
                        <span
                          class="MuiTypography-root MuiTypography-body2 MuiListItemText-primary css-7ctihp-MuiTypography-root"
                        >
                          xxxFi
                        </span>
                      </div>
                    </li>
                    <li
                      class="MuiListItem-root MuiListItem-dense MuiListItem-gutters MuiListItem-padding sc-fYsHOw clBvbN css-qyw6ft-MuiListItem-root"
                    >
                      <div
                        class="MuiListItemText-root MuiListItemText-dense css-cfq8qh-MuiListItemText-root"
                      >
                        <span
                          class="MuiTypography-root MuiTypography-body2 MuiListItemText-primary css-7ctihp-MuiTypography-root"
                        >
                          yyyFi
                        </span>
                      </div>
                    </li>
                    <li
                      class="MuiListItem-root MuiListItem-dense MuiListItem-gutters MuiListItem-padding sc-fYsHOw clBvbN css-qyw6ft-MuiListItem-root"
                    >
                      <div
                        class="MuiListItemText-root MuiListItemText-dense css-cfq8qh-MuiListItemText-root"
                      >
                        <span
                          class="MuiTypography-root MuiTypography-body2 MuiListItemText-primary css-7ctihp-MuiTypography-root"
                        >
                          zzzFi
                        </span>
                      </div>
                    </li>
                  </ul>
                </div>
                <div
                  class="MuiFormControl-root MuiFormControl-fullWidth css-ytlejw-MuiFormControl-root"
                >
                  <label
                    class="MuiFormControlLabel-root MuiFormControlLabel-labelPlacementEnd css-19opgx6-MuiFormControlLabel-root"
                  >
                    <span
                      class="MuiSwitch-root MuiSwitch-sizeMedium css-rehya9-MuiSwitch-root"
                    >
                      <span
                        class="MuiButtonBase-root MuiSwitch-switchBase MuiSwitch-colorPrimary PrivateSwitchBase-root MuiSwitch-switchBase MuiSwitch-colorPrimary css-161ms7l-MuiButtonBase-root-MuiSwitch-switchBase"
                      >
                        <input
                          class="PrivateSwitchBase-input MuiSwitch-input css-j8yymo"
                          type="checkbox"
                        />
                        <span
                          class="MuiSwitch-thumb css-17jyosd-MuiSwitch-thumb"
                        />
                      </span>
                      <span
                        class="MuiSwitch-track css-tj8d99-MuiSwitch-track"
                      />
                    </span>
                    <span
                      class="MuiTypography-root MuiTypography-body1 MuiFormControlLabel-label css-rizt0-MuiTypography-root"
                    >
                      variableSelect.selectable
                    </span>
                  </label>
                </div>
              </div>
            </div>
          </div>
        </div>
      </div>
    </div>
  </div>
  <div
    class="MuiPaper-root MuiPaper-elevation MuiPaper-rounded MuiPaper-elevation1 MuiAccordion-root MuiAccordion-rounded Mui-expanded MuiAccordion-gutters sc-lixPIL hhKrnM css-1808mag-MuiPaper-root-MuiAccordion-root"
    style="--Paper-shadow: 0px 2px 1px -1px rgba(0,0,0,0.2),0px 1px 1px 0px rgba(0,0,0,0.14),0px 1px 3px 0px rgba(0,0,0,0.12);"
  >
    <h3
      class="MuiAccordion-heading css-cy7rkm-MuiAccordion-heading"
    >
      <button
        aria-controls="panel1a-content"
        aria-expanded="true"
        class="MuiButtonBase-root MuiAccordionSummary-root Mui-expanded MuiAccordionSummary-gutters css-1f1pi2l-MuiButtonBase-root-MuiAccordionSummary-root"
        tabindex="0"
        type="button"
      >
        <span
          class="MuiAccordionSummary-content Mui-expanded MuiAccordionSummary-contentGutters css-yfrx4k-MuiAccordionSummary-content"
        >
          <h2
            class="MuiTypography-root MuiTypography-h2 css-o2za6n-MuiTypography-root"
          >
            <b>
              EliminointiMuuttujaFi 1/2
            </b>
          </h2>
        </span>
        <span
          class="MuiAccordionSummary-expandIconWrapper Mui-expanded css-1wqf3nl-MuiAccordionSummary-expandIconWrapper"
        >
          <svg
            aria-hidden="true"
            class="MuiSvgIcon-root MuiSvgIcon-fontSizeMedium css-1umw9bq-MuiSvgIcon-root"
            data-testid="ExpandMoreIcon"
            focusable="false"
            viewBox="0 0 24 24"
          >
            <path
              d="M16.59 8.59 12 13.17 7.41 8.59 6 10l6 6 6-6z"
            />
          </svg>
        </span>
      </button>
    </h3>
    <div
      class="MuiCollapse-root MuiCollapse-vertical MuiCollapse-entered css-qr6njo-MuiCollapse-root"
      style="min-height: 0px;"
    >
      <div
        class="MuiCollapse-wrapper MuiCollapse-vertical css-1x6hinx-MuiCollapse-wrapper"
      >
        <div
          class="MuiCollapse-wrapperInner MuiCollapse-vertical css-1i4ywhz-MuiCollapse-wrapperInner"
        >
          <div
            class="MuiAccordion-region"
            id="panel1a-content"
            role="region"
          >
            <div
              class="MuiAccordionDetails-root sc-cZSric doygIH css-1lj39kh-MuiAccordionDetails-root"
            >
              <div
                class="MuiStack-root sc-jJAtPt bTLmYV css-1sazv7p-MuiStack-root"
              >
                <div
                  class="MuiStack-root sc-cXawGu iAjbKI css-m69qwo-MuiStack-root"
                >
                  <span
                    aria-label="variableSelect.openMenu"
                    class="MuiButtonBase-root MuiIconButton-root MuiIconButton-sizeMedium css-53g0n7-MuiButtonBase-root-MuiIconButton-root"
                    role="button"
                    style="padding-left: 0px; margin-right: 12px;"
                    tabindex="0"
                  >
                    <svg
                      aria-hidden="true"
                      class="MuiSvgIcon-root MuiSvgIcon-fontSizeMedium css-1umw9bq-MuiSvgIcon-root"
                      data-testid="MenuIcon"
                      focusable="false"
                      viewBox="0 0 24 24"
                    >
                      <path
                        d="M3 18h18v-2H3zm0-5h18v-2H3zm0-7v2h18V6z"
                      />
                    </svg>
                  </span>
                  <div
                    class="MuiAutocomplete-root MuiAutocomplete-hasClearIcon MuiAutocomplete-hasPopupIcon sc-iQQCXo lkWepn css-o5oj2-MuiAutocomplete-root"
                  >
                    <div
                      class="MuiFormControl-root MuiFormControl-fullWidth MuiTextField-root css-cmpglg-MuiFormControl-root-MuiTextField-root"
                    >
                      <label
                        class="MuiFormLabel-root MuiInputLabel-root MuiInputLabel-formControl MuiInputLabel-animated MuiInputLabel-shrink MuiInputLabel-outlined MuiFormLabel-colorPrimary MuiInputLabel-root MuiInputLabel-formControl MuiInputLabel-animated MuiInputLabel-shrink MuiInputLabel-outlined css-113d811-MuiFormLabel-root-MuiInputLabel-root"
                        data-shrink="true"
                        for=":rj:"
                        id=":rj:-label"
                      >
                        variableSelect.itemFilter
                      </label>
                      <div
                        class="MuiInputBase-root MuiOutlinedInput-root MuiInputBase-colorPrimary MuiInputBase-fullWidth MuiInputBase-formControl MuiInputBase-adornedStart MuiInputBase-adornedEnd MuiAutocomplete-inputRoot css-1e3qgpi-MuiInputBase-root-MuiOutlinedInput-root"
                      >
                        <div
                          class="MuiButtonBase-root MuiChip-root MuiChip-filled MuiChip-sizeMedium MuiChip-colorDefault MuiChip-deletable MuiChip-deletableColorDefault MuiChip-filledDefault MuiAutocomplete-tag MuiAutocomplete-tagSizeMedium css-16yb58i-MuiButtonBase-root-MuiChip-root"
                          data-tag-index="0"
                          role="button"
                          tabindex="-1"
                        >
                          <span
                            class="MuiChip-label MuiChip-labelMedium css-1dybbl5-MuiChip-label"
                          >
                            sumFi
                          </span>
                          <svg
                            aria-hidden="true"
                            class="MuiSvgIcon-root MuiSvgIcon-fontSizeMedium MuiChip-deleteIcon MuiChip-deleteIconMedium MuiChip-deleteIconColorDefault MuiChip-deleteIconFilledColorDefault css-1umw9bq-MuiSvgIcon-root"
                            data-testid="CancelIcon"
                            focusable="false"
                            viewBox="0 0 24 24"
                          >
                            <path
                              d="M12 2C6.47 2 2 6.47 2 12s4.47 10 10 10 10-4.47 10-10S17.53 2 12 2zm5 13.59L15.59 17 12 13.41 8.41 17 7 15.59 10.59 12 7 8.41 8.41 7 12 10.59 15.59 7 17 8.41 13.41 12 17 15.59z"
                            />
                          </svg>
                        </div>
                        <input
                          aria-autocomplete="list"
                          aria-expanded="false"
                          aria-invalid="false"
                          autocapitalize="none"
                          autocomplete="off"
                          class="MuiInputBase-input MuiOutlinedInput-input MuiInputBase-inputAdornedStart MuiInputBase-inputAdornedEnd MuiAutocomplete-input MuiAutocomplete-inputFocused css-qve9l1-MuiInputBase-input-MuiOutlinedInput-input"
                          id=":rj:"
                          role="combobox"
                          spellcheck="false"
                          type="text"
                          value=""
                        />
                        <div
                          class="MuiAutocomplete-endAdornment css-1uhhrmm-MuiAutocomplete-endAdornment"
                        >
                          <button
                            aria-label="selectable.clear"
                            class="MuiButtonBase-root MuiIconButton-root MuiIconButton-sizeMedium MuiAutocomplete-clearIndicator css-1x7n7v0-MuiButtonBase-root-MuiIconButton-root-MuiAutocomplete-clearIndicator"
                            tabindex="-1"
                            title="selectable.clear"
                            type="button"
                          >
                            <svg
                              aria-hidden="true"
                              class="MuiSvgIcon-root MuiSvgIcon-fontSizeSmall css-120dh41-MuiSvgIcon-root"
                              data-testid="CloseIcon"
                              focusable="false"
                              viewBox="0 0 24 24"
                            >
                              <path
                                d="M19 6.41L17.59 5 12 10.59 6.41 5 5 6.41 10.59 12 5 17.59 6.41 19 12 13.41 17.59 19 19 17.59 13.41 12z"
                              />
                            </svg>
                          </button>
                          <button
                            aria-label="selectable.open"
                            class="MuiButtonBase-root MuiIconButton-root MuiIconButton-sizeMedium MuiAutocomplete-popupIndicator css-2y136s-MuiButtonBase-root-MuiIconButton-root-MuiAutocomplete-popupIndicator"
                            tabindex="-1"
                            title="selectable.open"
                            type="button"
                          >
                            <svg
                              aria-hidden="true"
                              class="MuiSvgIcon-root MuiSvgIcon-fontSizeMedium css-1umw9bq-MuiSvgIcon-root"
                              data-testid="ArrowDropDownIcon"
                              focusable="false"
                              viewBox="0 0 24 24"
                            >
                              <path
                                d="M7 10l5 5 5-5z"
                              />
                            </svg>
                          </button>
                        </div>
                        <fieldset
                          aria-hidden="true"
                          class="MuiOutlinedInput-notchedOutline css-1ll44ll-MuiOutlinedInput-notchedOutline"
                        >
                          <legend
                            class="css-w1u3ce"
                          >
                            <span>
                              variableSelect.itemFilter
                            </span>
                          </legend>
                        </fieldset>
                      </div>
                    </div>
                  </div>
                </div>
                <div
                  class="MuiFormControl-root MuiFormControl-fullWidth css-ytlejw-MuiFormControl-root"
                >
                  <label
                    class="MuiFormControlLabel-root MuiFormControlLabel-labelPlacementEnd css-19opgx6-MuiFormControlLabel-root"
                  >
                    <span
                      class="MuiSwitch-root MuiSwitch-sizeMedium css-rehya9-MuiSwitch-root"
                    >
                      <span
                        class="MuiButtonBase-root MuiSwitch-switchBase MuiSwitch-colorPrimary PrivateSwitchBase-root MuiSwitch-switchBase MuiSwitch-colorPrimary css-161ms7l-MuiButtonBase-root-MuiSwitch-switchBase"
                      >
                        <input
                          class="PrivateSwitchBase-input MuiSwitch-input css-j8yymo"
                          type="checkbox"
                        />
                        <span
                          class="MuiSwitch-thumb css-17jyosd-MuiSwitch-thumb"
                        />
                      </span>
                      <span
                        class="MuiSwitch-track css-tj8d99-MuiSwitch-track"
                      />
                    </span>
                    <span
                      class="MuiTypography-root MuiTypography-body1 MuiFormControlLabel-label css-rizt0-MuiTypography-root"
                    >
                      variableSelect.selectable
                    </span>
                  </label>
                </div>
              </div>
            </div>
          </div>
        </div>
      </div>
    </div>
  </div>
  <div
    class="MuiPaper-root MuiPaper-elevation MuiPaper-rounded MuiPaper-elevation1 MuiAccordion-root MuiAccordion-rounded Mui-expanded MuiAccordion-gutters sc-lixPIL hhKrnM css-1808mag-MuiPaper-root-MuiAccordion-root"
    style="--Paper-shadow: 0px 2px 1px -1px rgba(0,0,0,0.2),0px 1px 1px 0px rgba(0,0,0,0.14),0px 1px 3px 0px rgba(0,0,0,0.12);"
  >
    <h3
      class="MuiAccordion-heading css-cy7rkm-MuiAccordion-heading"
    >
      <button
        aria-controls="panel1a-content"
        aria-expanded="true"
        class="MuiButtonBase-root MuiAccordionSummary-root Mui-expanded MuiAccordionSummary-gutters css-1f1pi2l-MuiButtonBase-root-MuiAccordionSummary-root"
        tabindex="0"
        type="button"
      >
        <span
          class="MuiAccordionSummary-content Mui-expanded MuiAccordionSummary-contentGutters css-yfrx4k-MuiAccordionSummary-content"
        >
          <h2
            class="MuiTypography-root MuiTypography-h2 css-o2za6n-MuiTypography-root"
          >
            <b>
              YksikkömuuttujaFi 1/1
            </b>
          </h2>
        </span>
        <span
          class="MuiAccordionSummary-expandIconWrapper Mui-expanded css-1wqf3nl-MuiAccordionSummary-expandIconWrapper"
        >
          <svg
            aria-hidden="true"
            class="MuiSvgIcon-root MuiSvgIcon-fontSizeMedium css-1umw9bq-MuiSvgIcon-root"
            data-testid="ExpandMoreIcon"
            focusable="false"
            viewBox="0 0 24 24"
          >
            <path
              d="M16.59 8.59 12 13.17 7.41 8.59 6 10l6 6 6-6z"
            />
          </svg>
        </span>
      </button>
    </h3>
    <div
      class="MuiCollapse-root MuiCollapse-vertical MuiCollapse-entered css-qr6njo-MuiCollapse-root"
      style="min-height: 0px;"
    >
      <div
        class="MuiCollapse-wrapper MuiCollapse-vertical css-1x6hinx-MuiCollapse-wrapper"
      >
        <div
          class="MuiCollapse-wrapperInner MuiCollapse-vertical css-1i4ywhz-MuiCollapse-wrapperInner"
        >
          <div
            class="MuiAccordion-region"
            id="panel1a-content"
            role="region"
          >
            <div
              class="MuiAccordionDetails-root sc-cZSric doygIH css-1lj39kh-MuiAccordionDetails-root"
            >
              <div
                class="MuiStack-root sc-jJAtPt bTLmYV css-1sazv7p-MuiStack-root"
              >
                <div
                  class="MuiStack-root sc-cXawGu iAjbKI css-m69qwo-MuiStack-root"
                >
                  <span
                    aria-label="variableSelect.openMenu"
                    class="MuiButtonBase-root MuiIconButton-root MuiIconButton-sizeMedium css-53g0n7-MuiButtonBase-root-MuiIconButton-root"
                    role="button"
                    style="padding-left: 0px; margin-right: 12px;"
                    tabindex="0"
                  >
                    <svg
                      aria-hidden="true"
                      class="MuiSvgIcon-root MuiSvgIcon-fontSizeMedium css-1umw9bq-MuiSvgIcon-root"
                      data-testid="MenuIcon"
                      focusable="false"
                      viewBox="0 0 24 24"
                    >
                      <path
                        d="M3 18h18v-2H3zm0-5h18v-2H3zm0-7v2h18V6z"
                      />
                    </svg>
                  </span>
                  <div
                    class="MuiAutocomplete-root MuiAutocomplete-hasClearIcon MuiAutocomplete-hasPopupIcon sc-iQQCXo lkWepn css-o5oj2-MuiAutocomplete-root"
                  >
                    <div
                      class="MuiFormControl-root MuiFormControl-fullWidth MuiTextField-root css-cmpglg-MuiFormControl-root-MuiTextField-root"
                    >
                      <label
                        class="MuiFormLabel-root MuiInputLabel-root MuiInputLabel-formControl MuiInputLabel-animated MuiInputLabel-shrink MuiInputLabel-outlined MuiFormLabel-colorPrimary MuiInputLabel-root MuiInputLabel-formControl MuiInputLabel-animated MuiInputLabel-shrink MuiInputLabel-outlined css-113d811-MuiFormLabel-root-MuiInputLabel-root"
                        data-shrink="true"
                        for=":ro:"
                        id=":ro:-label"
                      >
                        variableSelect.itemFilter
                      </label>
                      <div
                        class="MuiInputBase-root MuiOutlinedInput-root MuiInputBase-colorPrimary MuiInputBase-fullWidth MuiInputBase-formControl MuiInputBase-adornedStart MuiInputBase-adornedEnd MuiAutocomplete-inputRoot css-1e3qgpi-MuiInputBase-root-MuiOutlinedInput-root"
                      >
                        <div
                          class="MuiButtonBase-root MuiChip-root MuiChip-filled MuiChip-sizeMedium MuiChip-colorDefault MuiChip-deletable MuiChip-deletableColorDefault MuiChip-filledDefault MuiAutocomplete-tag MuiAutocomplete-tagSizeMedium css-16yb58i-MuiButtonBase-root-MuiChip-root"
                          data-tag-index="0"
                          role="button"
                          tabindex="-1"
                        >
                          <span
                            class="MuiChip-label MuiChip-labelMedium css-1dybbl5-MuiChip-label"
                          >
                            singleFi
                          </span>
                          <svg
                            aria-hidden="true"
                            class="MuiSvgIcon-root MuiSvgIcon-fontSizeMedium MuiChip-deleteIcon MuiChip-deleteIconMedium MuiChip-deleteIconColorDefault MuiChip-deleteIconFilledColorDefault css-1umw9bq-MuiSvgIcon-root"
                            data-testid="CancelIcon"
                            focusable="false"
                            viewBox="0 0 24 24"
                          >
                            <path
                              d="M12 2C6.47 2 2 6.47 2 12s4.47 10 10 10 10-4.47 10-10S17.53 2 12 2zm5 13.59L15.59 17 12 13.41 8.41 17 7 15.59 10.59 12 7 8.41 8.41 7 12 10.59 15.59 7 17 8.41 13.41 12 17 15.59z"
                            />
                          </svg>
                        </div>
                        <input
                          aria-autocomplete="list"
                          aria-expanded="false"
                          aria-invalid="false"
                          autocapitalize="none"
                          autocomplete="off"
                          class="MuiInputBase-input MuiOutlinedInput-input MuiInputBase-inputAdornedStart MuiInputBase-inputAdornedEnd MuiAutocomplete-input MuiAutocomplete-inputFocused css-qve9l1-MuiInputBase-input-MuiOutlinedInput-input"
                          id=":ro:"
                          role="combobox"
                          spellcheck="false"
                          type="text"
                          value=""
                        />
                        <div
                          class="MuiAutocomplete-endAdornment css-1uhhrmm-MuiAutocomplete-endAdornment"
                        >
                          <button
                            aria-label="selectable.clear"
                            class="MuiButtonBase-root MuiIconButton-root MuiIconButton-sizeMedium MuiAutocomplete-clearIndicator css-1x7n7v0-MuiButtonBase-root-MuiIconButton-root-MuiAutocomplete-clearIndicator"
                            tabindex="-1"
                            title="selectable.clear"
                            type="button"
                          >
                            <svg
                              aria-hidden="true"
                              class="MuiSvgIcon-root MuiSvgIcon-fontSizeSmall css-120dh41-MuiSvgIcon-root"
                              data-testid="CloseIcon"
                              focusable="false"
                              viewBox="0 0 24 24"
                            >
                              <path
                                d="M19 6.41L17.59 5 12 10.59 6.41 5 5 6.41 10.59 12 5 17.59 6.41 19 12 13.41 17.59 19 19 17.59 13.41 12z"
                              />
                            </svg>
                          </button>
                          <button
                            aria-label="selectable.open"
                            class="MuiButtonBase-root MuiIconButton-root MuiIconButton-sizeMedium MuiAutocomplete-popupIndicator css-2y136s-MuiButtonBase-root-MuiIconButton-root-MuiAutocomplete-popupIndicator"
                            tabindex="-1"
                            title="selectable.open"
                            type="button"
                          >
                            <svg
                              aria-hidden="true"
                              class="MuiSvgIcon-root MuiSvgIcon-fontSizeMedium css-1umw9bq-MuiSvgIcon-root"
                              data-testid="ArrowDropDownIcon"
                              focusable="false"
                              viewBox="0 0 24 24"
                            >
                              <path
                                d="M7 10l5 5 5-5z"
                              />
                            </svg>
                          </button>
                        </div>
                        <fieldset
                          aria-hidden="true"
                          class="MuiOutlinedInput-notchedOutline css-1ll44ll-MuiOutlinedInput-notchedOutline"
                        >
                          <legend
                            class="css-w1u3ce"
                          >
                            <span>
                              variableSelect.itemFilter
                            </span>
                          </legend>
                        </fieldset>
                      </div>
                    </div>
                  </div>
                </div>
                <div
                  class="MuiFormControl-root MuiFormControl-fullWidth css-ytlejw-MuiFormControl-root"
                >
                  <label
                    class="MuiFormControlLabel-root MuiFormControlLabel-labelPlacementEnd css-19opgx6-MuiFormControlLabel-root"
                  >
                    <span
                      class="MuiSwitch-root MuiSwitch-sizeMedium css-rehya9-MuiSwitch-root"
                    >
                      <span
                        class="MuiButtonBase-root MuiSwitch-switchBase MuiSwitch-colorPrimary PrivateSwitchBase-root MuiSwitch-switchBase MuiSwitch-colorPrimary css-161ms7l-MuiButtonBase-root-MuiSwitch-switchBase"
                      >
                        <input
                          class="PrivateSwitchBase-input MuiSwitch-input css-j8yymo"
                          type="checkbox"
                        />
                        <span
                          class="MuiSwitch-thumb css-17jyosd-MuiSwitch-thumb"
                        />
                      </span>
                      <span
                        class="MuiSwitch-track css-tj8d99-MuiSwitch-track"
                      />
                    </span>
                    <span
                      class="MuiTypography-root MuiTypography-body1 MuiFormControlLabel-label css-rizt0-MuiTypography-root"
                    >
                      variableSelect.selectable
                    </span>
                  </label>
                </div>
              </div>
            </div>
          </div>
        </div>
      </div>
    </div>
  </div>
  <div
    class="MuiPaper-root MuiPaper-elevation MuiPaper-rounded MuiPaper-elevation1 MuiAccordion-root MuiAccordion-rounded Mui-expanded MuiAccordion-gutters sc-lixPIL hhKrnM css-1808mag-MuiPaper-root-MuiAccordion-root"
    style="--Paper-shadow: 0px 2px 1px -1px rgba(0,0,0,0.2),0px 1px 1px 0px rgba(0,0,0,0.14),0px 1px 3px 0px rgba(0,0,0,0.12);"
  >
    <h3
      class="MuiAccordion-heading css-cy7rkm-MuiAccordion-heading"
    >
      <button
        aria-controls="panel1a-content"
        aria-expanded="true"
        class="MuiButtonBase-root MuiAccordionSummary-root Mui-expanded MuiAccordionSummary-gutters css-1f1pi2l-MuiButtonBase-root-MuiAccordionSummary-root"
        tabindex="0"
        type="button"
      >
        <span
          class="MuiAccordionSummary-content Mui-expanded MuiAccordionSummary-contentGutters css-yfrx4k-MuiAccordionSummary-content"
        >
          <h2
            class="MuiTypography-root MuiTypography-h2 css-o2za6n-MuiTypography-root"
          >
            <b>
              NimetönArvoMuuttujaFi 1/1
            </b>
          </h2>
        </span>
        <span
          class="MuiAccordionSummary-expandIconWrapper Mui-expanded css-1wqf3nl-MuiAccordionSummary-expandIconWrapper"
        >
          <svg
            aria-hidden="true"
            class="MuiSvgIcon-root MuiSvgIcon-fontSizeMedium css-1umw9bq-MuiSvgIcon-root"
            data-testid="ExpandMoreIcon"
            focusable="false"
            viewBox="0 0 24 24"
          >
            <path
              d="M16.59 8.59 12 13.17 7.41 8.59 6 10l6 6 6-6z"
            />
          </svg>
        </span>
      </button>
    </h3>
    <div
      class="MuiCollapse-root MuiCollapse-vertical MuiCollapse-entered css-qr6njo-MuiCollapse-root"
      style="min-height: 0px;"
    >
      <div
        class="MuiCollapse-wrapper MuiCollapse-vertical css-1x6hinx-MuiCollapse-wrapper"
      >
        <div
          class="MuiCollapse-wrapperInner MuiCollapse-vertical css-1i4ywhz-MuiCollapse-wrapperInner"
        >
          <div
            class="MuiAccordion-region"
            id="panel1a-content"
            role="region"
          >
            <div
              class="MuiAccordionDetails-root sc-cZSric doygIH css-1lj39kh-MuiAccordionDetails-root"
            >
              <div
                class="MuiStack-root sc-jJAtPt bTLmYV css-1sazv7p-MuiStack-root"
              >
                <div
                  class="MuiStack-root sc-cXawGu iAjbKI css-m69qwo-MuiStack-root"
                >
                  <span
                    aria-label="variableSelect.openMenu"
                    class="MuiButtonBase-root MuiIconButton-root MuiIconButton-sizeMedium css-53g0n7-MuiButtonBase-root-MuiIconButton-root"
                    role="button"
                    style="padding-left: 0px; margin-right: 12px;"
                    tabindex="0"
                  >
                    <svg
                      aria-hidden="true"
                      class="MuiSvgIcon-root MuiSvgIcon-fontSizeMedium css-1umw9bq-MuiSvgIcon-root"
                      data-testid="MenuIcon"
                      focusable="false"
                      viewBox="0 0 24 24"
                    >
                      <path
                        d="M3 18h18v-2H3zm0-5h18v-2H3zm0-7v2h18V6z"
                      />
                    </svg>
                  </span>
                  <div
                    class="MuiAutocomplete-root MuiAutocomplete-hasClearIcon MuiAutocomplete-hasPopupIcon sc-iQQCXo lkWepn css-o5oj2-MuiAutocomplete-root"
                  >
                    <div
                      class="MuiFormControl-root MuiFormControl-fullWidth MuiTextField-root css-cmpglg-MuiFormControl-root-MuiTextField-root"
                    >
                      <label
                        class="MuiFormLabel-root MuiInputLabel-root MuiInputLabel-formControl MuiInputLabel-animated MuiInputLabel-shrink MuiInputLabel-outlined MuiFormLabel-colorPrimary MuiInputLabel-root MuiInputLabel-formControl MuiInputLabel-animated MuiInputLabel-shrink MuiInputLabel-outlined css-113d811-MuiFormLabel-root-MuiInputLabel-root"
                        data-shrink="true"
                        for=":rt:"
                        id=":rt:-label"
                      >
                        variableSelect.itemFilter
                      </label>
                      <div
                        class="MuiInputBase-root MuiOutlinedInput-root MuiInputBase-colorPrimary MuiInputBase-fullWidth MuiInputBase-formControl MuiInputBase-adornedStart MuiInputBase-adornedEnd MuiAutocomplete-inputRoot css-1e3qgpi-MuiInputBase-root-MuiOutlinedInput-root"
                      >
                        <div
                          class="MuiButtonBase-root MuiChip-root MuiChip-filled MuiChip-sizeMedium MuiChip-colorDefault MuiChip-deletable MuiChip-deletableColorDefault MuiChip-filledDefault MuiAutocomplete-tag MuiAutocomplete-tagSizeMedium css-16yb58i-MuiButtonBase-root-MuiChip-root"
                          data-tag-index="0"
                          role="button"
                          tabindex="-1"
                        >
                          <span
                            class="MuiChip-label MuiChip-labelMedium css-1dybbl5-MuiChip-label"
                          >
                            missingName
                          </span>
                          <svg
                            aria-hidden="true"
                            class="MuiSvgIcon-root MuiSvgIcon-fontSizeMedium MuiChip-deleteIcon MuiChip-deleteIconMedium MuiChip-deleteIconColorDefault MuiChip-deleteIconFilledColorDefault css-1umw9bq-MuiSvgIcon-root"
                            data-testid="CancelIcon"
                            focusable="false"
                            viewBox="0 0 24 24"
                          >
                            <path
                              d="M12 2C6.47 2 2 6.47 2 12s4.47 10 10 10 10-4.47 10-10S17.53 2 12 2zm5 13.59L15.59 17 12 13.41 8.41 17 7 15.59 10.59 12 7 8.41 8.41 7 12 10.59 15.59 7 17 8.41 13.41 12 17 15.59z"
                            />
                          </svg>
                        </div>
                        <input
                          aria-autocomplete="list"
                          aria-expanded="false"
                          aria-invalid="false"
                          autocapitalize="none"
                          autocomplete="off"
                          class="MuiInputBase-input MuiOutlinedInput-input MuiInputBase-inputAdornedStart MuiInputBase-inputAdornedEnd MuiAutocomplete-input MuiAutocomplete-inputFocused css-qve9l1-MuiInputBase-input-MuiOutlinedInput-input"
                          id=":rt:"
                          role="combobox"
                          spellcheck="false"
                          type="text"
                          value=""
                        />
                        <div
                          class="MuiAutocomplete-endAdornment css-1uhhrmm-MuiAutocomplete-endAdornment"
                        >
                          <button
                            aria-label="selectable.clear"
                            class="MuiButtonBase-root MuiIconButton-root MuiIconButton-sizeMedium MuiAutocomplete-clearIndicator css-1x7n7v0-MuiButtonBase-root-MuiIconButton-root-MuiAutocomplete-clearIndicator"
                            tabindex="-1"
                            title="selectable.clear"
                            type="button"
                          >
                            <svg
                              aria-hidden="true"
                              class="MuiSvgIcon-root MuiSvgIcon-fontSizeSmall css-120dh41-MuiSvgIcon-root"
                              data-testid="CloseIcon"
                              focusable="false"
                              viewBox="0 0 24 24"
                            >
                              <path
                                d="M19 6.41L17.59 5 12 10.59 6.41 5 5 6.41 10.59 12 5 17.59 6.41 19 12 13.41 17.59 19 19 17.59 13.41 12z"
                              />
                            </svg>
                          </button>
                          <button
                            aria-label="selectable.open"
                            class="MuiButtonBase-root MuiIconButton-root MuiIconButton-sizeMedium MuiAutocomplete-popupIndicator css-2y136s-MuiButtonBase-root-MuiIconButton-root-MuiAutocomplete-popupIndicator"
                            tabindex="-1"
                            title="selectable.open"
                            type="button"
                          >
                            <svg
                              aria-hidden="true"
                              class="MuiSvgIcon-root MuiSvgIcon-fontSizeMedium css-1umw9bq-MuiSvgIcon-root"
                              data-testid="ArrowDropDownIcon"
                              focusable="false"
                              viewBox="0 0 24 24"
                            >
                              <path
                                d="M7 10l5 5 5-5z"
                              />
                            </svg>
                          </button>
                        </div>
                        <fieldset
                          aria-hidden="true"
                          class="MuiOutlinedInput-notchedOutline css-1ll44ll-MuiOutlinedInput-notchedOutline"
                        >
                          <legend
                            class="css-w1u3ce"
                          >
                            <span>
                              variableSelect.itemFilter
                            </span>
                          </legend>
                        </fieldset>
                      </div>
                    </div>
                  </div>
                </div>
                <div
                  class="MuiFormControl-root MuiFormControl-fullWidth css-ytlejw-MuiFormControl-root"
                >
                  <label
                    class="MuiFormControlLabel-root MuiFormControlLabel-labelPlacementEnd css-19opgx6-MuiFormControlLabel-root"
                  >
                    <span
                      class="MuiSwitch-root MuiSwitch-sizeMedium css-rehya9-MuiSwitch-root"
                    >
                      <span
                        class="MuiButtonBase-root MuiSwitch-switchBase MuiSwitch-colorPrimary PrivateSwitchBase-root MuiSwitch-switchBase MuiSwitch-colorPrimary css-161ms7l-MuiButtonBase-root-MuiSwitch-switchBase"
                      >
                        <input
                          class="PrivateSwitchBase-input MuiSwitch-input css-j8yymo"
                          type="checkbox"
                        />
                        <span
                          class="MuiSwitch-thumb css-17jyosd-MuiSwitch-thumb"
                        />
                      </span>
                      <span
                        class="MuiSwitch-track css-tj8d99-MuiSwitch-track"
                      />
                    </span>
                    <span
                      class="MuiTypography-root MuiTypography-body1 MuiFormControlLabel-label css-rizt0-MuiTypography-root"
                    >
                      variableSelect.selectable
                    </span>
                  </label>
                </div>
              </div>
            </div>
          </div>
        </div>
      </div>
    </div>
  </div>
</DocumentFragment>
`;
