// Jest Snapshot v1, https://jestjs.io/docs/snapshot-testing

exports[`Rendering test renders correctly 1`] = `
<DocumentFragment>
  <div
    class="MuiStack-root sc-jrQAHW dcwdYG"
  >
    <div
      class="MuiStack-root sc-kDTkih fHYUpH"
    >
      <div
        class="MuiFormControl-root sc-iqshrI KssF"
      >
        <label
          class="MuiFormLabel-root MuiInputLabel-root MuiInputLabel-formControl MuiInputLabel-animated MuiInputLabel-shrink MuiInputLabel-sizeSmall MuiInputLabel-outlined MuiFormLabel-colorPrimary MuiFormLabel-filled MuiInputLabel-root MuiInputLabel-formControl MuiInputLabel-animated MuiInputLabel-shrink MuiInputLabel-sizeSmall MuiInputLabel-outlined"
          data-shrink="true"
          id="filter-method-label-Vuosi"
        >
          variableSelect.filterMethodLabel
        </label>
        <div
          class="MuiInputBase-root MuiOutlinedInput-root MuiInputBase-colorPrimary MuiInputBase-formControl MuiInputBase-sizeSmall MuiSelect-root"
        >
          <div
            aria-expanded="false"
            aria-haspopup="listbox"
            aria-labelledby="filter-method-label-Vuosi"
            class="MuiSelect-select MuiSelect-outlined MuiInputBase-input MuiOutlinedInput-input MuiInputBase-inputSizeSmall"
            role="combobox"
            tabindex="0"
          >
            variableSelect.topFilter
          </div>
          <input
            aria-hidden="true"
            aria-invalid="false"
            class="MuiSelect-nativeInput"
            tabindex="-1"
            value="top"
          />
          <svg
            aria-hidden="true"
            class="MuiSvgIcon-root MuiSvgIcon-fontSizeMedium MuiSelect-icon MuiSelect-iconOutlined"
            data-testid="ArrowDropDownIcon"
            focusable="false"
            viewBox="0 0 24 24"
          >
            <path
              d="M7 10l5 5 5-5z"
            />
          </svg>
          <fieldset
            aria-hidden="true"
            class="MuiOutlinedInput-notchedOutline"
          >
            <legend>
              <span>
                variableSelect.filterMethodLabel
              </span>
            </legend>
          </fieldset>
        </div>
      </div>
      <span
        aria-label="computedValues.button"
        class="MuiBadge-root"
        data-mui-internal-clone-element="true"
      >
        <button
          aria-label="computedValues.button"
          class="MuiButtonBase-root MuiIconButton-root MuiIconButton-sizeSmall"
          tabindex="0"
          type="button"
        >
          <svg
            aria-hidden="true"
            class="MuiSvgIcon-root MuiSvgIcon-fontSizeMedium"
            data-testid="FunctionsIcon"
            focusable="false"
            viewBox="0 0 24 24"
          >
            <path
              d="M18 4H6v2l6.5 6L6 18v2h12v-3h-7l5-5-5-5h7z"
            />
          </svg>
        </button>
        <span
          class="MuiBadge-badge MuiBadge-standard MuiBadge-invisible MuiBadge-anchorOriginTopRight MuiBadge-anchorOriginTopRightRectangular MuiBadge-overlapRectangular MuiBadge-colorPrimary"
        />
      </span>
      <button
        aria-expanded="false"
        aria-haspopup="dialog"
        aria-label="variableSelect.selectableSettings"
        class="MuiButtonBase-root MuiIconButton-root MuiIconButton-sizeSmall"
        data-mui-internal-clone-element="true"
        tabindex="0"
        type="button"
      >
        <span
          class="MuiBadge-root"
        >
          <svg
            aria-hidden="true"
            class="MuiSvgIcon-root MuiSvgIcon-fontSizeMedium"
            data-testid="TouchAppIcon"
            focusable="false"
            viewBox="0 0 24 24"
          >
            <path
              d="M9 11.24V7.5C9 6.12 10.12 5 11.5 5S14 6.12 14 7.5v3.74c1.21-.81 2-2.18 2-3.74C16 5.01 13.99 3 11.5 3S7 5.01 7 7.5c0 1.56.79 2.93 2 3.74m9.84 4.63-4.54-2.26c-.17-.07-.35-.11-.54-.11H13v-6c0-.83-.67-1.5-1.5-1.5S10 6.67 10 7.5v10.74c-3.6-.76-3.54-.75-3.67-.75-.31 0-.59.13-.79.33l-.79.8 4.94 4.94c.27.27.65.44 1.06.44h6.79c.75 0 1.33-.55 1.44-1.28l.75-5.27c.01-.07.02-.14.02-.2 0-.62-.38-1.16-.91-1.38"
            />
          </svg>
          <span
            class="MuiBadge-badge MuiBadge-standard MuiBadge-invisible MuiBadge-anchorOriginTopRight MuiBadge-anchorOriginTopRightCircular MuiBadge-overlapCircular MuiBadge-colorPrimary"
          />
        </span>
      </button>
    </div>
    <div
      class="MuiFormControl-root MuiFormControl-fullWidth MuiTextField-root sc-iCfMpq kOqdgf"
    >
      <label
        class="MuiFormLabel-root MuiInputLabel-root MuiInputLabel-formControl MuiInputLabel-animated MuiInputLabel-shrink MuiInputLabel-outlined MuiFormLabel-colorPrimary MuiFormLabel-filled MuiInputLabel-root MuiInputLabel-formControl MuiInputLabel-animated MuiInputLabel-shrink MuiInputLabel-outlined"
        data-shrink="true"
        for="_r_6_"
        id="_r_6_-label"
      >
        variableSelect.latestValuesCountLabel
      </label>
      <div
        class="MuiInputBase-root MuiOutlinedInput-root MuiInputBase-colorPrimary MuiInputBase-fullWidth MuiInputBase-formControl"
      >
        <input
          aria-invalid="false"
          class="MuiInputBase-input MuiOutlinedInput-input"
          id="_r_6_"
          inputmode="numeric"
          min="1"
          pattern="[0-9]*"
          type="text"
          value="4"
        />
        <fieldset
          aria-hidden="true"
          class="MuiOutlinedInput-notchedOutline"
        >
          <legend>
            <span>
              variableSelect.latestValuesCountLabel
            </span>
          </legend>
        </fieldset>
      </div>
    </div>
    <div
      class="MuiStack-root sc-eCIkhf hOKibC"
    >
      <p
        class="MuiTypography-root MuiTypography-body1"
        id="_r_7_"
      >
        general.results:
      </p>
      <p
        class="MuiTypography-root MuiTypography-body1"
        role="status"
      >
        general.resultCount
      </p>
      <ul
        aria-labelledby="_r_7_"
        class="MuiList-root MuiList-padding MuiList-dense sc-bdvvNz kmsnlU"
        tabindex="0"
      >
        <li
          class="MuiListItem-root MuiListItem-dense MuiListItem-gutters MuiListItem-padding sc-gsDLFA gTnRse"
        >
          <div
            class="MuiListItemText-root MuiListItemText-dense"
          >
            <span
              class="MuiTypography-root MuiTypography-body2 MuiListItemText-primary"
            >
              2018
            </span>
          </div>
        </li>
        <li
          class="MuiListItem-root MuiListItem-dense MuiListItem-gutters MuiListItem-padding sc-gsDLFA gTnRse"
        >
          <div
            class="MuiListItemText-root MuiListItemText-dense"
          >
            <span
              class="MuiTypography-root MuiTypography-body2 MuiListItemText-primary"
            >
              2019
            </span>
          </div>
        </li>
        <li
          class="MuiListItem-root MuiListItem-dense MuiListItem-gutters MuiListItem-padding sc-gsDLFA gTnRse"
        >
          <div
            class="MuiListItemText-root MuiListItemText-dense"
          >
            <span
              class="MuiTypography-root MuiTypography-body2 MuiListItemText-primary"
            >
              2020
            </span>
          </div>
        </li>
        <li
          class="MuiListItem-root MuiListItem-dense MuiListItem-gutters MuiListItem-padding sc-gsDLFA gTnRse"
        >
          <div
            class="MuiListItemText-root MuiListItemText-dense"
          >
            <span
              class="MuiTypography-root MuiTypography-body2 MuiListItemText-primary"
            >
              2021*
            </span>
          </div>
        </li>
      </ul>
    </div>
  </div>
</DocumentFragment>
`;
