// Jest Snapshot v1, https://goo.gl/fbAQLP

exports[`Rendering test renders correctly 1`] = `
<DocumentFragment>
  <div
    class="MuiStack-root sc-dntaoT eQwKBU css-nen11g-MuiStack-root"
  >
    <p
      class="MuiTypography-root MuiTypography-body1 css-ahj2mt-MuiTypography-root"
    >
      general.results:
    </p>
    <ul
      class="MuiList-root MuiList-padding MuiList-dense sc-blHHSb ckywJh css-1f8gdww-MuiList-root"
    >
      <li
        class="MuiListItem-root MuiListItem-dense MuiListItem-gutters MuiListItem-padding sc-gtLWhw iKRme css-6lnq02-MuiListItem-root"
      >
        <div
          class="MuiListItemText-root MuiListItemText-dense css-tlelie-MuiListItemText-root"
        >
          <span
            class="MuiTypography-root MuiTypography-body2 MuiListItemText-primary css-et1ao3-MuiTypography-root"
          >
            2019
          </span>
        </div>
      </li>
      <li
        class="MuiListItem-root MuiListItem-dense MuiListItem-gutters MuiListItem-padding sc-gtLWhw iKRme css-6lnq02-MuiListItem-root"
      >
        <div
          class="MuiListItemText-root MuiListItemText-dense css-tlelie-MuiListItemText-root"
        >
          <span
            class="MuiTypography-root MuiTypography-body2 MuiListItemText-primary css-et1ao3-MuiTypography-root"
          >
            2020
          </span>
        </div>
      </li>
    </ul>
  </div>
</DocumentFragment>
`;
