// Jest Snapshot v1, https://jestjs.io/docs/snapshot-testing

exports[`Rendering test renders correctly 1`] = `
<DocumentFragment>
  <div
    class="MuiStack-root sc-dTvVRJ dPzWIe css-nen11g-MuiStack-root"
  >
    <p
      class="MuiTypography-root MuiTypography-body1 css-rizt0-MuiTypography-root"
    >
      general.results:
    </p>
    <ul
      class="MuiList-root MuiList-padding MuiList-dense sc-bRKDuR lknNCo css-st2ob2-MuiList-root"
    >
      <li
        class="MuiListItem-root MuiListItem-dense MuiListItem-gutters MuiListItem-padding sc-hvigdm gMUrlu css-qyw6ft-MuiListItem-root"
      >
        <div
          class="MuiListItemText-root MuiListItemText-dense css-cfq8qh-MuiListItemText-root"
        >
          <span
            class="MuiTypography-root MuiTypography-body2 MuiListItemText-primary css-7ctihp-MuiTypography-root"
          >
            2019
          </span>
        </div>
      </li>
      <li
        class="MuiListItem-root MuiListItem-dense MuiListItem-gutters MuiListItem-padding sc-hvigdm gMUrlu css-qyw6ft-MuiListItem-root"
      >
        <div
          class="MuiListItemText-root MuiListItemText-dense css-cfq8qh-MuiListItemText-root"
        >
          <span
            class="MuiTypography-root MuiTypography-body2 MuiListItemText-primary css-7ctihp-MuiTypography-root"
          >
            2020
          </span>
        </div>
      </li>
    </ul>
  </div>
</DocumentFragment>
`;
