// Jest Snapshot v1, https://jestjs.io/docs/snapshot-testing

exports[`Rendering test renders correctly 1`] = `
<DocumentFragment>
  <div
    class="MuiPaper-root MuiPaper-outlined MuiPaper-rounded"
  >
    <div
      class="MuiStack-root sc-gsDLFA ckmnPj"
    >
      <div
        class="MuiFormControl-root"
      >
        <label
          class="MuiFormLabel-root MuiInputLabel-root MuiInputLabel-formControl MuiInputLabel-animated MuiInputLabel-shrink MuiInputLabel-sizeSmall MuiInputLabel-outlined MuiFormLabel-colorPrimary MuiFormLabel-filled MuiInputLabel-root MuiInputLabel-formControl MuiInputLabel-animated MuiInputLabel-shrink MuiInputLabel-sizeSmall MuiInputLabel-outlined"
          data-shrink="true"
          for="_r_0_"
        >
          editMetadata.valueName: asd
        </label>
        <div
          class="MuiInputBase-root MuiOutlinedInput-root MuiInputBase-colorPrimary MuiInputBase-formControl MuiInputBase-sizeSmall sc-bdvvNz cMOIuc"
        >
          <input
            aria-invalid="false"
            class="MuiInputBase-input MuiOutlinedInput-input MuiInputBase-inputSizeSmall"
            id="_r_0_"
            type="text"
            value="asd"
          />
          <fieldset
            aria-hidden="true"
            class="MuiOutlinedInput-notchedOutline"
          >
            <legend>
              <span>
                editMetadata.valueName: asd
              </span>
            </legend>
          </fieldset>
        </div>
        <div
          aria-live="polite"
        />
      </div>
      <div
        class="MuiFormControl-root"
      >
        <label
          class="MuiFormLabel-root MuiInputLabel-root MuiInputLabel-formControl MuiInputLabel-animated MuiInputLabel-shrink MuiInputLabel-sizeSmall MuiInputLabel-outlined MuiFormLabel-colorPrimary MuiFormLabel-filled MuiInputLabel-root MuiInputLabel-formControl MuiInputLabel-animated MuiInputLabel-shrink MuiInputLabel-sizeSmall MuiInputLabel-outlined"
          data-shrink="true"
          for="_r_1_"
        >
          editMetadata.unit
        </label>
        <div
          class="MuiInputBase-root MuiOutlinedInput-root MuiInputBase-colorPrimary MuiInputBase-formControl MuiInputBase-sizeSmall sc-bdvvNz cMOIuc"
        >
          <input
            aria-invalid="false"
            class="MuiInputBase-input MuiOutlinedInput-input MuiInputBase-inputSizeSmall"
            id="_r_1_"
            type="text"
            value="qwe"
          />
          <fieldset
            aria-hidden="true"
            class="MuiOutlinedInput-notchedOutline"
          >
            <legend>
              <span>
                editMetadata.unit
              </span>
            </legend>
          </fieldset>
        </div>
        <div
          aria-live="polite"
        />
      </div>
      <div
        class="MuiFormControl-root"
      >
        <label
          class="MuiFormLabel-root MuiInputLabel-root MuiInputLabel-formControl MuiInputLabel-animated MuiInputLabel-shrink MuiInputLabel-sizeSmall MuiInputLabel-outlined MuiFormLabel-colorPrimary MuiFormLabel-filled MuiInputLabel-root MuiInputLabel-formControl MuiInputLabel-animated MuiInputLabel-shrink MuiInputLabel-sizeSmall MuiInputLabel-outlined"
          data-shrink="true"
          for="_r_2_"
        >
          editMetadata.source
        </label>
        <div
          class="MuiInputBase-root MuiOutlinedInput-root MuiInputBase-colorPrimary MuiInputBase-formControl MuiInputBase-sizeSmall sc-bdvvNz cMOIuc"
        >
          <input
            aria-invalid="false"
            class="MuiInputBase-input MuiOutlinedInput-input MuiInputBase-inputSizeSmall"
            id="_r_2_"
            type="text"
            value="lahde"
          />
          <fieldset
            aria-hidden="true"
            class="MuiOutlinedInput-notchedOutline"
          >
            <legend>
              <span>
                editMetadata.source
              </span>
            </legend>
          </fieldset>
        </div>
        <div
          aria-live="polite"
        />
      </div>
    </div>
  </div>
</DocumentFragment>
`;
