// Jest Snapshot v1, https://goo.gl/fbAQLP

exports[`Rendering test renders correctly 1`] = `
<DocumentFragment>
  <div
    class="sc-keTIit iEZRuv MuiBox-root css-0"
  >
    <div
      class="sc-dstKZu beBTtl"
    >
      <div
        class="sc-khLCKb gYRtPq"
      >
        <button
          aria-label="tooltip.open: editMetadata.header"
          class="sc-ghWlax bEVwpO"
        >
          <svg
            aria-hidden="true"
            class="MuiSvgIcon-root MuiSvgIcon-colorInfo MuiSvgIcon-fontSizeMedium css-1yq1soz-MuiSvgIcon-root"
            data-testid="InfoIcon"
            focusable="false"
            viewBox="0 0 24 24"
          >
            <path
              d="M12 2C6.48 2 2 6.48 2 12s4.48 10 10 10 10-4.48 10-10S17.52 2 12 2m1 15h-2v-6h2zm0-8h-2V7h2z"
            />
          </svg>
        </button>
        <div
          class="MuiFormControl-root css-1nrlq1o-MuiFormControl-root"
          style="width: 100%;"
        >
          <label
            class="MuiFormLabel-root MuiInputLabel-root MuiInputLabel-formControl MuiInputLabel-animated MuiInputLabel-shrink MuiInputLabel-sizeMedium MuiInputLabel-outlined MuiFormLabel-colorPrimary MuiFormLabel-filled MuiInputLabel-root MuiInputLabel-formControl MuiInputLabel-animated MuiInputLabel-shrink MuiInputLabel-sizeMedium MuiInputLabel-outlined css-1jy569b-MuiFormLabel-root-MuiInputLabel-root"
            data-shrink="true"
            for=":r0:"
          >
            <b>
              editMetadata.header*
            </b>
          </label>
          <div
            class="MuiInputBase-root MuiOutlinedInput-root MuiInputBase-colorPrimary MuiInputBase-formControl MuiInputBase-adornedEnd sc-gtLWhw bPTTGW edited css-o9k5xi-MuiInputBase-root-MuiOutlinedInput-root"
          >
            <input
              aria-invalid="false"
              class="MuiInputBase-input MuiOutlinedInput-input MuiInputBase-inputAdornedEnd css-nxo287-MuiInputBase-input-MuiOutlinedInput-input"
              id=":r0:"
              type="text"
              value="foo"
            />
            <div
              class="MuiInputAdornment-root MuiInputAdornment-positionEnd MuiInputAdornment-outlined MuiInputAdornment-sizeMedium css-1laqsz7-MuiInputAdornment-root"
            >
              <span
                aria-label="editMetadata.discardChanges"
                class=""
                data-mui-internal-clone-element="true"
              >
                <button
                  aria-label="editMetadata.discardChanges"
                  class="MuiButtonBase-root MuiIconButton-root MuiIconButton-edgeEnd MuiIconButton-sizeMedium css-1yq5fb3-MuiButtonBase-root-MuiIconButton-root"
                  tabindex="0"
                  type="button"
                >
                  <svg
                    aria-hidden="true"
                    class="MuiSvgIcon-root MuiSvgIcon-fontSizeMedium css-i4bv87-MuiSvgIcon-root"
                    data-testid="UndoIcon"
                    focusable="false"
                    viewBox="0 0 24 24"
                  >
                    <path
                      d="M12.5 8c-2.65 0-5.05.99-6.9 2.6L2 7v9h9l-3.62-3.62c1.39-1.16 3.16-1.88 5.12-1.88 3.54 0 6.55 2.31 7.6 5.5l2.37-.78C21.08 11.03 17.15 8 12.5 8"
                    />
                  </svg>
                  <span
                    class="MuiTouchRipple-root css-8je8zh-MuiTouchRipple-root"
                  />
                </button>
              </span>
            </div>
            <fieldset
              aria-hidden="true"
              class="MuiOutlinedInput-notchedOutline css-1d3z3hw-MuiOutlinedInput-notchedOutline"
            >
              <legend
                class="css-14lo706"
              >
                <span>
                  editMetadata.header
                </span>
              </legend>
            </fieldset>
          </div>
          <div
            aria-live="polite"
          />
        </div>
      </div>
    </div>
    <div
      class="sc-cEzcPc iUUCmm"
    >
      <div
        class="sc-jtQUzJ drtSIt"
      >
        <button
          aria-label="tooltip.open: editMetadata.editorTitle"
          class="sc-ghWlax bEVwpO"
        >
          <svg
            aria-hidden="true"
            class="MuiSvgIcon-root MuiSvgIcon-colorInfo MuiSvgIcon-fontSizeMedium css-1yq1soz-MuiSvgIcon-root"
            data-testid="InfoIcon"
            focusable="false"
            viewBox="0 0 24 24"
          >
            <path
              d="M12 2C6.48 2 2 6.48 2 12s4.48 10 10 10 10-4.48 10-10S17.52 2 12 2m1 15h-2v-6h2zm0-8h-2V7h2z"
            />
          </svg>
        </button>
        <div
          class="MuiPaper-root MuiPaper-elevation MuiPaper-rounded MuiPaper-elevation1 MuiAccordion-root MuiAccordion-rounded Mui-expanded MuiAccordion-gutters sc-dpBQxM dvJsbi css-1086bdv-MuiPaper-root-MuiAccordion-root"
        >
          <div
            aria-controls="panel1a-content"
            aria-expanded="true"
            class="MuiButtonBase-root MuiAccordionSummary-root Mui-expanded MuiAccordionSummary-gutters css-1f773le-MuiButtonBase-root-MuiAccordionSummary-root"
            id="panel1a-header"
            role="button"
            style="width: 100%;"
            tabindex="0"
          >
            <div
              class="MuiAccordionSummary-content Mui-expanded MuiAccordionSummary-contentGutters css-eqpfi5-MuiAccordionSummary-content"
            >
              <p
                class="MuiTypography-root MuiTypography-body1 css-ahj2mt-MuiTypography-root"
              >
                editMetadata.editorTitle
              </p>
            </div>
            <div
              class="MuiAccordionSummary-expandIconWrapper Mui-expanded css-yw020d-MuiAccordionSummary-expandIconWrapper"
            >
              <svg
                aria-hidden="true"
                class="MuiSvgIcon-root MuiSvgIcon-fontSizeMedium css-i4bv87-MuiSvgIcon-root"
                data-testid="ExpandMoreIcon"
                focusable="false"
                viewBox="0 0 24 24"
              >
                <path
                  d="M16.59 8.59 12 13.17 7.41 8.59 6 10l6 6 6-6z"
                />
              </svg>
            </div>
          </div>
          <div
            class="MuiCollapse-root MuiCollapse-vertical MuiCollapse-entered css-pwcg7p-MuiCollapse-root"
            style="min-height: 0px;"
          >
            <div
              class="MuiCollapse-wrapper MuiCollapse-vertical css-smkl36-MuiCollapse-wrapper"
            >
              <div
                class="MuiCollapse-wrapperInner MuiCollapse-vertical css-9l5vo-MuiCollapse-wrapperInner"
              >
                <div
                  aria-labelledby="panel1a-header"
                  class="MuiAccordion-region"
                  id="panel1a-content"
                  role="region"
                >
                  <div
                    class="MuiAccordionDetails-root sc-ovuCP kmuGeq css-15v22id-MuiAccordionDetails-root"
                  >
                    <div
                      class="sc-jwIPbr itDDef MuiBox-root css-1mc6bnb"
                    >
                      <div
                        class="MuiTabs-root css-1ujnqem-MuiTabs-root"
                      >
                        <div
                          class="MuiTabs-scroller MuiTabs-fixed css-jpln7h-MuiTabs-scroller"
                          style="overflow: hidden; margin-bottom: 0px;"
                        >
                          <div
                            class="MuiTabs-flexContainer css-heg063-MuiTabs-flexContainer"
                            role="tablist"
                          >
                            <button
                              aria-controls="simple-tabpanel-0"
                              aria-selected="true"
                              class="MuiButtonBase-root MuiTab-root MuiTab-textColorPrimary Mui-selected css-1h9z7r5-MuiButtonBase-root-MuiTab-root"
                              id="simple-tab-0"
                              role="tab"
                              tabindex="0"
                              type="button"
                            >
                              asd
                              <span
                                class="MuiTouchRipple-root css-8je8zh-MuiTouchRipple-root"
                              />
                            </button>
                            <button
                              aria-controls="simple-tabpanel-1"
                              aria-selected="false"
                              class="MuiButtonBase-root MuiTab-root MuiTab-textColorPrimary css-1h9z7r5-MuiButtonBase-root-MuiTab-root"
                              id="simple-tab-1"
                              role="tab"
                              tabindex="-1"
                              type="button"
                            >
                              foo2
                              <span
                                class="MuiTouchRipple-root css-8je8zh-MuiTouchRipple-root"
                              />
                            </button>
                          </div>
                          <span
                            class="MuiTabs-indicator css-1aquho2-MuiTabs-indicator"
                            style="left: 0px; width: 0px;"
                          />
                        </div>
                      </div>
                    </div>
                    <div
                      class="sc-cHqXqK FSQTe MuiBox-root css-0"
                    >
                      <div
                        aria-labelledby="simple-tab-0"
                        id="simple-tabpanel-0"
                        role="tabpanel"
                      >
                        <div
                          class="sc-blHHSb dKmohW MuiBox-root css-0"
                        >
                          <div
                            class="MuiGrid-root MuiGrid-container MuiGrid-spacing-xs-3 css-zow5z4-MuiGrid-root"
                          >
                            <div
                              class="MuiGrid-root MuiGrid-item MuiGrid-grid-xs-12 MuiGrid-grid-xl-12 css-1idn90j-MuiGrid-root"
                            >
                              <div
                                class="MuiPaper-root MuiPaper-outlined MuiPaper-rounded css-172kgz0-MuiPaper-root"
                              >
                                <div
                                  class="MuiStack-root sc-egkSDF emnLII css-1sazv7p-MuiStack-root"
                                >
                                  <div
                                    class="MuiFormControl-root css-1nrlq1o-MuiFormControl-root"
                                  >
                                    <label
                                      class="MuiFormLabel-root MuiInputLabel-root MuiInputLabel-formControl MuiInputLabel-animated MuiInputLabel-shrink MuiInputLabel-sizeMedium MuiInputLabel-outlined MuiFormLabel-colorPrimary MuiFormLabel-filled MuiInputLabel-root MuiInputLabel-formControl MuiInputLabel-animated MuiInputLabel-shrink MuiInputLabel-sizeMedium MuiInputLabel-outlined css-1jy569b-MuiFormLabel-root-MuiInputLabel-root"
                                      data-shrink="true"
                                      for=":r2:"
                                    >
                                      editMetadata.valueName: fgfgfg
                                    </label>
                                    <div
                                      class="MuiInputBase-root MuiOutlinedInput-root MuiInputBase-colorPrimary MuiInputBase-formControl sc-gtLWhw bPTTGW default css-9ddj71-MuiInputBase-root-MuiOutlinedInput-root"
                                    >
                                      <input
                                        aria-invalid="false"
                                        class="MuiInputBase-input MuiOutlinedInput-input css-1t8l2tu-MuiInputBase-input-MuiOutlinedInput-input"
                                        id=":r2:"
                                        type="text"
                                        value="fgfgfg"
                                      />
                                      <fieldset
                                        aria-hidden="true"
                                        class="MuiOutlinedInput-notchedOutline css-1d3z3hw-MuiOutlinedInput-notchedOutline"
                                      >
                                        <legend
                                          class="css-14lo706"
                                        >
                                          <span>
                                            editMetadata.valueName: fgfgfg
                                          </span>
                                        </legend>
                                      </fieldset>
                                    </div>
                                    <div
                                      aria-live="polite"
                                    />
                                  </div>
                                  <div
                                    class="MuiFormControl-root css-1nrlq1o-MuiFormControl-root"
                                  >
                                    <label
                                      class="MuiFormLabel-root MuiInputLabel-root MuiInputLabel-formControl MuiInputLabel-animated MuiInputLabel-shrink MuiInputLabel-sizeMedium MuiInputLabel-outlined MuiFormLabel-colorPrimary MuiFormLabel-filled MuiInputLabel-root MuiInputLabel-formControl MuiInputLabel-animated MuiInputLabel-shrink MuiInputLabel-sizeMedium MuiInputLabel-outlined css-1jy569b-MuiFormLabel-root-MuiInputLabel-root"
                                      data-shrink="true"
                                      for=":r3:"
                                    >
                                      editMetadata.unit
                                    </label>
                                    <div
                                      class="MuiInputBase-root MuiOutlinedInput-root MuiInputBase-colorPrimary MuiInputBase-formControl sc-gtLWhw bPTTGW default css-9ddj71-MuiInputBase-root-MuiOutlinedInput-root"
                                    >
                                      <input
                                        aria-invalid="false"
                                        class="MuiInputBase-input MuiOutlinedInput-input css-1t8l2tu-MuiInputBase-input-MuiOutlinedInput-input"
                                        id=":r3:"
                                        type="text"
                                        value="yksikko"
                                      />
                                      <fieldset
                                        aria-hidden="true"
                                        class="MuiOutlinedInput-notchedOutline css-1d3z3hw-MuiOutlinedInput-notchedOutline"
                                      >
                                        <legend
                                          class="css-14lo706"
                                        >
                                          <span>
                                            editMetadata.unit
                                          </span>
                                        </legend>
                                      </fieldset>
                                    </div>
                                    <div
                                      aria-live="polite"
                                    />
                                  </div>
                                  <div
                                    class="MuiFormControl-root css-1nrlq1o-MuiFormControl-root"
                                  >
                                    <label
                                      class="MuiFormLabel-root MuiInputLabel-root MuiInputLabel-formControl MuiInputLabel-animated MuiInputLabel-shrink MuiInputLabel-sizeMedium MuiInputLabel-outlined MuiFormLabel-colorPrimary MuiFormLabel-filled MuiInputLabel-root MuiInputLabel-formControl MuiInputLabel-animated MuiInputLabel-shrink MuiInputLabel-sizeMedium MuiInputLabel-outlined css-1jy569b-MuiFormLabel-root-MuiInputLabel-root"
                                      data-shrink="true"
                                      for=":r4:"
                                    >
                                      editMetadata.source
                                    </label>
                                    <div
                                      class="MuiInputBase-root MuiOutlinedInput-root MuiInputBase-colorPrimary MuiInputBase-formControl sc-gtLWhw bPTTGW default css-9ddj71-MuiInputBase-root-MuiOutlinedInput-root"
                                    >
                                      <input
                                        aria-invalid="false"
                                        class="MuiInputBase-input MuiOutlinedInput-input css-1t8l2tu-MuiInputBase-input-MuiOutlinedInput-input"
                                        id=":r4:"
                                        type="text"
                                        value="lahde"
                                      />
                                      <fieldset
                                        aria-hidden="true"
                                        class="MuiOutlinedInput-notchedOutline css-1d3z3hw-MuiOutlinedInput-notchedOutline"
                                      >
                                        <legend
                                          class="css-14lo706"
                                        >
                                          <span>
                                            editMetadata.source
                                          </span>
                                        </legend>
                                      </fieldset>
                                    </div>
                                    <div
                                      aria-live="polite"
                                    />
                                  </div>
                                </div>
                              </div>
                            </div>
                          </div>
                        </div>
                      </div>
                      <div
                        aria-labelledby="simple-tab-1"
                        hidden=""
                        id="simple-tabpanel-1"
                        role="tabpanel"
                      />
                    </div>
                  </div>
                </div>
              </div>
            </div>
          </div>
        </div>
      </div>
    </div>
  </div>
</DocumentFragment>
`;
