// Jest Snapshot v1, https://jestjs.io/docs/snapshot-testing

exports[`Rendering test renders correctly 1`] = `
<DocumentFragment>
  <div
    class="MuiStack-root sc-hKVpXn iVxcKl css-7a4jik-MuiStack-root"
  >
    <a
      aria-label="general.uiLanguage: lang.self.fi"
      class="MuiButtonBase-root MuiButton-root MuiButton-text MuiButton-textPrimary MuiButton-sizeSmall MuiButton-textSizeSmall MuiButton-colorPrimary MuiButton-root MuiButton-text MuiButton-textPrimary MuiButton-sizeSmall MuiButton-textSizeSmall MuiButton-colorPrimary sc-eCQgVK eRDGmw css-1ccsd5i-MuiButtonBase-root-MuiButton-root"
      href="#"
      tabindex="0"
    >
      <p
        class="MuiTypography-root MuiTypography-body1 css-rizt0-MuiTypography-root"
      >
        lang.self.fi
      </p>
    </a>
    <a
      aria-label="general.uiLanguage: lang.self.en"
      class="MuiButtonBase-root MuiButton-root MuiButton-text MuiButton-textPrimary MuiButton-sizeSmall MuiButton-textSizeSmall MuiButton-colorPrimary MuiButton-root MuiButton-text MuiButton-textPrimary MuiButton-sizeSmall MuiButton-textSizeSmall MuiButton-colorPrimary sc-eCQgVK fHCjUC css-1ccsd5i-MuiButtonBase-root-MuiButton-root"
      href="#"
      tabindex="0"
    >
      <p
        class="MuiTypography-root MuiTypography-body1 css-rizt0-MuiTypography-root"
      >
        lang.self.en
      </p>
    </a>
    <a
      aria-label="general.uiLanguage: lang.self.sv"
      class="MuiButtonBase-root MuiButton-root MuiButton-text MuiButton-textPrimary MuiButton-sizeSmall MuiButton-textSizeSmall MuiButton-colorPrimary MuiButton-root MuiButton-text MuiButton-textPrimary MuiButton-sizeSmall MuiButton-textSizeSmall MuiButton-colorPrimary sc-eCQgVK fHCjUC css-1ccsd5i-MuiButtonBase-root-MuiButton-root"
      href="#"
      tabindex="0"
    >
      <p
        class="MuiTypography-root MuiTypography-body1 css-rizt0-MuiTypography-root"
      >
        lang.self.sv
      </p>
    </a>
    <button
      aria-label="tooltip.open: general.uiLanguage"
      class="sc-bdDsCe fVRDsd"
    >
      <svg
        aria-hidden="true"
        class="MuiSvgIcon-root MuiSvgIcon-colorInfo MuiSvgIcon-fontSizeMedium css-ocq0ss-MuiSvgIcon-root"
        data-testid="InfoIcon"
        focusable="false"
        viewBox="0 0 24 24"
      >
        <path
          d="M12 2C6.48 2 2 6.48 2 12s4.48 10 10 10 10-4.48 10-10S17.52 2 12 2m1 15h-2v-6h2zm0-8h-2V7h2z"
        />
      </svg>
    </button>
  </div>
</DocumentFragment>
`;
