// Jest Snapshot v1, https://goo.gl/fbAQLP

exports[`Rendering test renders correctly 1`] = `
<DocumentFragment>
  <div
    class="MuiStack-root sc-dIMoHT bLAcLM css-nen11g-MuiStack-root"
  >
    <div
      class="sc-gDpztx gmWdfc"
    >
      <p
        class="MuiTypography-root MuiTypography-body2 sc-iQQCXo dzRZkK css-1wle3ir-MuiTypography-root"
      >
        general.uiLanguage
      </p>
      <button
        aria-label="tooltip.open: general.uiLanguage"
        class="sc-fYsHOw lgeTOX"
      >
        <svg
          aria-hidden="true"
          class="MuiSvgIcon-root MuiSvgIcon-colorInfo MuiSvgIcon-fontSizeMedium css-ocq0ss-MuiSvgIcon-root"
          data-testid="InfoIcon"
          focusable="false"
          viewBox="0 0 24 24"
        >
          <path
            d="M12 2C6.48 2 2 6.48 2 12s4.48 10 10 10 10-4.48 10-10S17.52 2 12 2m1 15h-2v-6h2zm0-8h-2V7h2z"
          />
        </svg>
      </button>
    </div>
    <div
      class="MuiStack-root css-1d0f7f9-MuiStack-root"
    >
      <a
        aria-label="general.uiLanguage: lang.fi"
        class="MuiButtonBase-root MuiButton-root MuiButton-text MuiButton-textPrimary MuiButton-sizeSmall MuiButton-textSizeSmall MuiButton-colorPrimary MuiButton-root MuiButton-text MuiButton-textPrimary MuiButton-sizeSmall MuiButton-textSizeSmall MuiButton-colorPrimary sc-kpOvIu irOXVc css-1ccsd5i-MuiButtonBase-root-MuiButton-root"
        href="#"
        tabindex="0"
      >
        <p
          class="MuiTypography-root MuiTypography-body1 sc-Qotzb cegUxY css-rizt0-MuiTypography-root"
        >
          FI
        </p>
      </a>
      <a
        aria-label="general.uiLanguage: lang.en"
        class="MuiButtonBase-root MuiButton-root MuiButton-text MuiButton-textPrimary MuiButton-sizeSmall MuiButton-textSizeSmall MuiButton-colorPrimary MuiButton-root MuiButton-text MuiButton-textPrimary MuiButton-sizeSmall MuiButton-textSizeSmall MuiButton-colorPrimary sc-kpOvIu irOXVc css-1ccsd5i-MuiButtonBase-root-MuiButton-root"
        href="#"
        tabindex="0"
      >
        <p
          class="MuiTypography-root MuiTypography-body1 css-rizt0-MuiTypography-root"
        >
          EN
        </p>
      </a>
      <a
        aria-label="general.uiLanguage: lang.sv"
        class="MuiButtonBase-root MuiButton-root MuiButton-text MuiButton-textPrimary MuiButton-sizeSmall MuiButton-textSizeSmall MuiButton-colorPrimary MuiButton-root MuiButton-text MuiButton-textPrimary MuiButton-sizeSmall MuiButton-textSizeSmall MuiButton-colorPrimary sc-kpOvIu irOXVc css-1ccsd5i-MuiButtonBase-root-MuiButton-root"
        href="#"
        tabindex="0"
      >
        <p
          class="MuiTypography-root MuiTypography-body1 css-rizt0-MuiTypography-root"
        >
          SV
        </p>
      </a>
    </div>
  </div>
</DocumentFragment>
`;
