// Jest Snapshot v1, https://goo.gl/fbAQLP

exports[`Rendering test renders correctly 1`] = `
<DocumentFragment>
  <div
    aria-label="tooltip.visualizationType"
    class="MuiToggleButtonGroup-root MuiToggleButtonGroup-horizontal css-1qb8o-MuiToggleButtonGroup-root"
    role="group"
  >
    <button
      aria-pressed="true"
      class="MuiButtonBase-root MuiToggleButtonGroup-grouped MuiToggleButtonGroup-groupedHorizontal MuiToggleButton-root Mui-selected MuiToggleButton-sizeMedium MuiToggleButton-standard MuiToggleButtonGroup-grouped MuiToggleButtonGroup-groupedHorizontal MuiToggleButtonGroup-firstButton css-gn0oko-MuiButtonBase-root-MuiToggleButton-root"
      tabindex="0"
      type="button"
      value="foo"
    >
      <b>
        chartTypes.foo
      </b>
    </button>
    <button
      aria-pressed="false"
      class="MuiButtonBase-root MuiToggleButtonGroup-grouped MuiToggleButtonGroup-groupedHorizontal MuiToggleButton-root MuiToggleButton-sizeMedium MuiToggleButton-standard MuiToggleButtonGroup-grouped MuiToggleButtonGroup-groupedHorizontal MuiToggleButtonGroup-middleButton css-gn0oko-MuiButtonBase-root-MuiToggleButton-root"
      tabindex="0"
      type="button"
      value="bar"
    >
      chartTypes.bar
    </button>
    <button
      aria-pressed="false"
      class="MuiButtonBase-root MuiToggleButtonGroup-grouped MuiToggleButtonGroup-groupedHorizontal MuiToggleButton-root MuiToggleButton-sizeMedium MuiToggleButton-standard MuiToggleButtonGroup-grouped MuiToggleButtonGroup-groupedHorizontal MuiToggleButtonGroup-lastButton css-gn0oko-MuiButtonBase-root-MuiToggleButton-root"
      tabindex="0"
      type="button"
      value="baz"
    >
      chartTypes.baz
    </button>
  </div>
</DocumentFragment>
`;
