// Jest Snapshot v1, https://goo.gl/fbAQLP

exports[`Rendering test renders correctly 1`] = `
<DocumentFragment>
  <div
    aria-label="tooltip.visualizationType"
    class="MuiToggleButtonGroup-root css-bghv3y-MuiToggleButtonGroup-root"
    role="group"
  >
    <button
      aria-pressed="true"
      class="MuiButtonBase-root MuiToggleButtonGroup-grouped MuiToggleButtonGroup-groupedHorizontal MuiToggleButton-root Mui-selected MuiToggleButton-sizeMedium MuiToggleButton-standard MuiToggleButtonGroup-grouped MuiToggleButtonGroup-groupedHorizontal MuiToggleButtonGroup-firstButton css-ueukts-MuiButtonBase-root-MuiToggleButton-root"
      tabindex="0"
      type="button"
      value="foo"
    >
      <b>
        chartTypes.foo
      </b>
      <span
        class="MuiTouchRipple-root css-8je8zh-MuiTouchRipple-root"
      />
    </button>
    <button
      aria-pressed="false"
      class="MuiButtonBase-root MuiToggleButtonGroup-grouped MuiToggleButtonGroup-groupedHorizontal MuiToggleButton-root MuiToggleButton-sizeMedium MuiToggleButton-standard MuiToggleButtonGroup-grouped MuiToggleButtonGroup-groupedHorizontal MuiToggleButtonGroup-middleButton css-ueukts-MuiButtonBase-root-MuiToggleButton-root"
      tabindex="0"
      type="button"
      value="bar"
    >
      chartTypes.bar
      <span
        class="MuiTouchRipple-root css-8je8zh-MuiTouchRipple-root"
      />
    </button>
    <button
      aria-pressed="false"
      class="MuiButtonBase-root MuiToggleButtonGroup-grouped MuiToggleButtonGroup-groupedHorizontal MuiToggleButton-root MuiToggleButton-sizeMedium MuiToggleButton-standard MuiToggleButtonGroup-grouped MuiToggleButtonGroup-groupedHorizontal MuiToggleButtonGroup-lastButton css-ueukts-MuiButtonBase-root-MuiToggleButton-root"
      tabindex="0"
      type="button"
      value="baz"
    >
      chartTypes.baz
      <span
        class="MuiTouchRipple-root css-8je8zh-MuiTouchRipple-root"
      />
    </button>
  </div>
</DocumentFragment>
`;
