// Jest Snapshot v1, https://jestjs.io/docs/snapshot-testing

exports[`Header component should render correctly 1`] = `
<DocumentFragment>
  <div
    class="MuiBox-root"
  >
    <div
      class="MuiStack-root"
    >
      <a
        class="MuiButtonBase-root Mui-focusVisible MuiButton-root MuiButton-text MuiButton-textPrimary MuiButton-sizeMedium MuiButton-textSizeMedium MuiButton-colorPrimary"
        href="#"
        tabindex="0"
      >
        general.contentLink
      </a>
      <a
        href="/"
      >
        <img
          alt="navbar.logoAlt"
          src="test-file-stub"
        />
      </a>
      <div>
        <button
          class="MuiButtonBase-root MuiButton-root MuiButton-outlined MuiButton-outlinedPrimary MuiButton-sizeMedium MuiButton-outlinedSizeMedium MuiButton-colorPrimary"
          tabindex="0"
          type="button"
        >
          <span
            class="MuiButton-icon MuiButton-startIcon MuiButton-iconSizeMedium"
          >
            <svg
              aria-hidden="true"
              class="MuiSvgIcon-root MuiSvgIcon-fontSizeMedium"
              data-testid="FolderOpenIcon"
              focusable="false"
              viewBox="0 0 24 24"
            >
              <path
                d="M20 6h-8l-2-2H4c-1.1 0-1.99.9-1.99 2L2 18c0 1.1.9 2 2 2h16c1.1 0 2-.9 2-2V8c0-1.1-.9-2-2-2m0 12H4V8h16z"
              />
            </svg>
          </span>
          savedQuery.dialogButtonTxt
        </button>
      </div>
      <div />
      <div
        class="MuiStack-root"
      >
        <div
          class="MuiStack-root"
        >
          <button
            aria-label="tooltip.open: general.uiLanguage"
          >
            <svg
              aria-hidden="true"
              class="MuiSvgIcon-root MuiSvgIcon-colorInfo MuiSvgIcon-fontSizeMedium"
              data-testid="InfoIcon"
              focusable="false"
              viewBox="0 0 24 24"
            >
              <path
                d="M12 2C6.48 2 2 6.48 2 12s4.48 10 10 10 10-4.48 10-10S17.52 2 12 2m1 15h-2v-6h2zm0-8h-2V7h2z"
              />
            </svg>
          </button>
        </div>
      </div>
    </div>
  </div>
</DocumentFragment>
`;
