// Jest Snapshot v1, https://jestjs.io/docs/snapshot-testing

exports[`Header component should render correctly 1`] = `
<DocumentFragment>
  <div
    class="sc-iCfMpq kYnZcJ MuiBox-root"
  >
    <div
      class="MuiStack-root sc-pVTZz pMhsB"
    >
      <a
        class="MuiButtonBase-root Mui-focusVisible MuiButton-root MuiButton-text MuiButton-textPrimary MuiButton-sizeMedium MuiButton-textSizeMedium MuiButton-colorPrimary"
        href="#"
        tabindex="0"
      >
        general.contentLink
      </a>
      <a
        href="/"
      >
        <img
          alt="navbar.logoAlt"
          class="sc-gKckfV hVRIFN"
          src="test-file-stub"
        />
      </a>
      <div
        class="sc-kDTkih gokhIK"
      />
      <div
        class="sc-jrQAHW gpjsns"
      >
        <button
          class="MuiButtonBase-root MuiButton-root MuiButton-outlined MuiButton-outlinedPrimary MuiButton-sizeMedium MuiButton-outlinedSizeMedium MuiButton-colorPrimary"
          tabindex="0"
          type="button"
        >
          savedQuery.dialogButtonTxt
        </button>
      </div>
      <div
        class="MuiStack-root sc-furwwf kSGVog"
      >
        <div
          class="MuiStack-root sc-hKwAaq gmSVhW"
        >
          <button
            aria-label="tooltip.open: general.uiLanguage"
            class="sc-bdvvNz jJdzgx"
          >
            <svg
              aria-hidden="true"
              class="MuiSvgIcon-root MuiSvgIcon-colorInfo MuiSvgIcon-fontSizeMedium"
              data-testid="InfoIcon"
              focusable="false"
              viewBox="0 0 24 24"
            >
              <path
                d="M12 2C6.48 2 2 6.48 2 12s4.48 10 10 10 10-4.48 10-10S17.52 2 12 2m1 15h-2v-6h2zm0-8h-2V7h2z"
              />
            </svg>
          </button>
        </div>
      </div>
    </div>
  </div>
</DocumentFragment>
`;
