// Jest Snapshot v1, https://goo.gl/fbAQLP

exports[`Rendering test renders correctly 1`] = `
<DocumentFragment>
  <div
    class="MuiContainer-root MuiContainer-maxWidthMd sc-hOTSeL jknTDC css-xdmu94-MuiContainer-root"
  >
    <ul
      class="MuiList-root MuiList-padding css-822hb5-MuiList-root"
    >
      <a
        class="MuiButtonBase-root MuiListItemButton-root MuiListItemButton-gutters MuiListItemButton-root MuiListItemButton-gutters css-16ac5r2-MuiButtonBase-root-MuiListItemButton-root"
        href="/table-list/f/o/o///b/a/r/id1/"
        id="mainContent"
        tabindex="0"
      >
        <div
          class="MuiListItemText-root css-tlelie-MuiListItemText-root"
        >
          <p
            class="MuiTypography-root MuiTypography-body1 css-x61gb3-MuiTypography-root"
          >
            foo1-fi
          </p>
        </div>
        <span
          class="MuiTouchRipple-root css-8je8zh-MuiTouchRipple-root"
        />
      </a>
      <hr
        class="MuiDivider-root MuiDivider-fullWidth css-9mgopn-MuiDivider-root"
      />
      <a
        class="MuiButtonBase-root MuiListItemButton-root MuiListItemButton-gutters MuiListItemButton-root MuiListItemButton-gutters css-16ac5r2-MuiButtonBase-root-MuiListItemButton-root"
        href="/table-list/f/o/o///b/a/r/id2/"
        id="mainContent"
        tabindex="0"
      >
        <div
          class="MuiListItemText-root css-tlelie-MuiListItemText-root"
        >
          <p
            class="MuiTypography-root MuiTypography-body1 css-x61gb3-MuiTypography-root"
          >
            foo2-fi
          </p>
        </div>
        <span
          class="MuiTouchRipple-root css-8je8zh-MuiTouchRipple-root"
        />
      </a>
      <hr
        class="MuiDivider-root MuiDivider-fullWidth css-9mgopn-MuiDivider-root"
      />
      <a
        class="MuiButtonBase-root MuiListItemButton-root MuiListItemButton-gutters MuiListItemButton-root MuiListItemButton-gutters css-16ac5r2-MuiButtonBase-root-MuiListItemButton-root"
        href="/editor/foo/bar/id2.px/"
        id="mainContent"
        tabindex="0"
      >
        <div
          class="MuiListItemText-root css-tlelie-MuiListItemText-root"
        >
          <span
            class="MuiTypography-root MuiTypography-body1 MuiListItemText-primary css-10hburv-MuiTypography-root"
          >
            <p
              class="MuiTypography-root MuiTypography-body1 css-x61gb3-MuiTypography-root"
            >
              foo3-fi
            </p>
            <p
              class="MuiTypography-root MuiTypography-body2 css-1wjvmi0-MuiTypography-root"
            >
              tableSelect.updated: 1.1.2000 klo 0.00.00
            </p>
          </span>
        </div>
        <span
          class="MuiTouchRipple-root css-8je8zh-MuiTouchRipple-root"
        />
      </a>
      <hr
        class="MuiDivider-root MuiDivider-fullWidth css-9mgopn-MuiDivider-root"
      />
    </ul>
  </div>
</DocumentFragment>
`;
