// Jest Snapshot v1, https://jestjs.io/docs/snapshot-testing

exports[`Rendering test renders correctly 1`] = `
<DocumentFragment>
  <div
    class="MuiContainer-root MuiContainer-maxWidthMd sc-hKwAaq eGrxqC"
  >
    <ul
      class="MuiList-root MuiList-padding"
    >
      <a
        class="MuiButtonBase-root MuiListItemButton-root MuiListItemButton-gutters"
        data-discover="true"
        href="/table-list/foo/bar/id1/"
        tabindex="0"
      >
        <div
          class="MuiListItemText-root"
        >
          <p
            class="MuiTypography-root MuiTypography-body1"
          >
            foo1-fi
          </p>
        </div>
      </a>
      <hr
        class="MuiDivider-root MuiDivider-fullWidth"
      />
      <a
        class="MuiButtonBase-root MuiListItemButton-root MuiListItemButton-gutters"
        data-discover="true"
        href="/table-list/foo/bar/id2/"
        tabindex="0"
      >
        <div
          class="MuiListItemText-root"
        >
          <p
            class="MuiTypography-root MuiTypography-body1"
          >
            foo2-fi
          </p>
        </div>
      </a>
      <hr
        class="MuiDivider-root MuiDivider-fullWidth"
      />
      <a
        class="MuiButtonBase-root MuiListItemButton-root MuiListItemButton-gutters"
        data-discover="true"
        href="/editor/foo/bar/id2.px/"
        tabindex="0"
      >
        <div
          class="MuiListItemText-root"
        >
          <span
            class="MuiTypography-root MuiTypography-body1 MuiListItemText-primary"
          >
            <p
              class="MuiTypography-root MuiTypography-body1"
            >
              foo3-fi
            </p>
            <p
              class="MuiTypography-root MuiTypography-body2"
            >
              tableSelect.updated: 1.1.2000 klo 0.00.00
            </p>
          </span>
        </div>
      </a>
      <hr
        class="MuiDivider-root MuiDivider-fullWidth"
      />
    </ul>
  </div>
</DocumentFragment>
`;
