// Jest Snapshot v1, https://jestjs.io/docs/snapshot-testing

exports[`Rendering test renders correctly 1`] = `
<DocumentFragment>
  <li
    class="MuiListItem-root MuiListItem-gutters MuiListItem-padding"
    id="foo-bar-baz-asd"
  >
    <div
      aria-expanded="false"
      class="MuiButtonBase-root MuiListItemButton-root MuiListItemButton-gutters"
      role="button"
      tabindex="0"
    >
      <div
        class="MuiListItemIcon-root"
      >
        <svg
          aria-hidden="true"
          class="MuiSvgIcon-root MuiSvgIcon-fontSizeMedium"
          data-testid="ChevronRightIcon"
          focusable="false"
          viewBox="0 0 24 24"
        >
          <path
            d="M10 6 8.59 7.41 13.17 12l-4.58 4.59L10 18l6-6z"
          />
        </svg>
        <svg
          aria-hidden="true"
          class="MuiSvgIcon-root MuiSvgIcon-fontSizeMedium"
          data-testid="FolderOutlinedIcon"
          focusable="false"
          viewBox="0 0 24 24"
        >
          <path
            d="m9.17 6 2 2H20v10H4V6zM10 4H4c-1.1 0-1.99.9-1.99 2L2 18c0 1.1.9 2 2 2h16c1.1 0 2-.9 2-2V8c0-1.1-.9-2-2-2h-8z"
          />
        </svg>
      </div>
      <div
        class="MuiListItemText-root MuiListItemText-multiline"
      >
        <span
          class="MuiTypography-root MuiTypography-body1 MuiListItemText-primary"
        >
          foo-fi
        </span>
        <p
          class="MuiTypography-root MuiTypography-body2 MuiListItemText-secondary"
        >
          <span>
            (FI, EN, SV)
          </span>
        </p>
      </div>
    </div>
  </li>
  <hr
    class="MuiDivider-root MuiDivider-fullWidth"
  />
  <li
    class="MuiListItem-root MuiListItem-gutters MuiListItem-padding"
    id="foo-bar-baz-id"
  >
    <div
      aria-expanded="false"
      class="MuiButtonBase-root MuiListItemButton-root MuiListItemButton-gutters"
      role="button"
      tabindex="0"
    >
      <div
        class="MuiListItemIcon-root"
      >
        <svg
          aria-hidden="true"
          class="MuiSvgIcon-root MuiSvgIcon-fontSizeMedium"
          data-testid="ChevronRightIcon"
          focusable="false"
          viewBox="0 0 24 24"
        >
          <path
            d="M10 6 8.59 7.41 13.17 12l-4.58 4.59L10 18l6-6z"
          />
        </svg>
        <svg
          aria-hidden="true"
          class="MuiSvgIcon-root MuiSvgIcon-fontSizeMedium"
          data-testid="FolderOutlinedIcon"
          focusable="false"
          viewBox="0 0 24 24"
        >
          <path
            d="m9.17 6 2 2H20v10H4V6zM10 4H4c-1.1 0-1.99.9-1.99 2L2 18c0 1.1.9 2 2 2h16c1.1 0 2-.9 2-2V8c0-1.1-.9-2-2-2h-8z"
          />
        </svg>
      </div>
      <div
        class="MuiListItemText-root MuiListItemText-multiline"
      >
        <span
          class="MuiTypography-root MuiTypography-body1 MuiListItemText-primary"
        >
          foo3-fi
        </span>
        <p
          class="MuiTypography-root MuiTypography-body2 MuiListItemText-secondary"
        >
          <span>
            (FI, EN)
          </span>
        </p>
      </div>
    </div>
  </li>
  <hr
    class="MuiDivider-root MuiDivider-fullWidth"
  />
  <li
    class="MuiListItem-root MuiListItem-gutters MuiListItem-padding"
    id="foo-bar-baz-asd2.px"
  >
    <a
      class="MuiButtonBase-root MuiListItemButton-root MuiListItemButton-gutters"
      data-discover="true"
      href="/editor/foo/bar/baz/asd2.px/"
      tabindex="0"
    >
      <div
        class="MuiListItemIcon-root"
      >
        <svg
          aria-hidden="true"
          class="MuiSvgIcon-root MuiSvgIcon-fontSizeMedium"
          data-testid="InsertDriveFileOutlinedIcon"
          focusable="false"
          viewBox="0 0 24 24"
        >
          <path
            d="M14 2H6c-1.1 0-1.99.9-1.99 2L4 20c0 1.1.89 2 1.99 2H18c1.1 0 2-.9 2-2V8zM6 20V4h7v5h5v11z"
          />
        </svg>
      </div>
      <div
        class="MuiListItemText-root MuiListItemText-multiline"
      >
        <span
          class="MuiTypography-root MuiTypography-body1 MuiListItemText-primary"
        >
          asd2.px
        </span>
        <p
          class="MuiTypography-root MuiTypography-body2 MuiListItemText-secondary"
        >
          <span>
            <span>
              (EN, SV)
            </span>
            <span>
              tableSelect.updated: 13.11.2021 klo 14.53.06
            </span>
          </span>
        </p>
      </div>
    </a>
  </li>
  <hr
    class="MuiDivider-root MuiDivider-fullWidth"
  />
</DocumentFragment>
`;

exports[`Rendering test renders correctly when table query  1`] = `
<DocumentFragment>
  <li
    class="MuiListItem-root MuiListItem-gutters MuiListItem-padding"
  >
    <div
      class="MuiPaper-root MuiPaper-elevation MuiPaper-rounded MuiPaper-elevation0 MuiAlert-root MuiAlert-colorError MuiAlert-standardError MuiAlert-standard sc-dkPvMp knndjQ"
      role="alert"
      style="--Paper-shadow: none;"
    >
      <div
        class="MuiAlert-icon"
      >
        <svg
          aria-hidden="true"
          class="MuiSvgIcon-root MuiSvgIcon-fontSizeInherit"
          data-testid="ErrorOutlineIcon"
          focusable="false"
          viewBox="0 0 24 24"
        >
          <path
            d="M11 15h2v2h-2zm0-8h2v6h-2zm.99-5C6.47 2 2 6.48 2 12s4.47 10 9.99 10C17.52 22 22 17.52 22 12S17.52 2 11.99 2zM12 20c-4.42 0-8-3.58-8-8s3.58-8 8-8 8 3.58 8 8-3.58 8-8 8z"
          />
        </svg>
      </div>
      <div
        class="MuiAlert-message"
      >
        error.contentLoad
      </div>
    </div>
  </li>
  <hr
    class="MuiDivider-root MuiDivider-fullWidth"
  />
</DocumentFragment>
`;

exports[`Rendering test renders correctly while loading data 1`] = `
<DocumentFragment>
  <li
    class="MuiListItem-root MuiListItem-gutters MuiListItem-padding"
  >
    <div
      class="MuiListItemIcon-root"
    >
      <span
        class="MuiSkeleton-root MuiSkeleton-circular MuiSkeleton-pulse sc-bdvvNz iXoFDu"
      />
    </div>
    <div
      class="MuiListItemText-root sc-gsDLFA bqpWln"
    >
      <span
        class="MuiTypography-root MuiTypography-body1 MuiListItemText-primary"
      >
        <span
          class="MuiSkeleton-root MuiSkeleton-text MuiSkeleton-pulse"
        />
      </span>
    </div>
  </li>
  <hr
    class="MuiDivider-root MuiDivider-fullWidth"
  />
</DocumentFragment>
`;
