// Jest Snapshot v1, https://goo.gl/fbAQLP

exports[`Rendering test renders correctly 1`] = `
<DocumentFragment>
  <li
    class="MuiListItem-root MuiListItem-gutters MuiListItem-padding css-1p4qrhw-MuiListItem-root"
  >
    <div
      aria-expanded="false"
      class="MuiButtonBase-root MuiListItemButton-root MuiListItemButton-gutters MuiListItemButton-root MuiListItemButton-gutters css-nlxtz9-MuiButtonBase-root-MuiListItemButton-root"
      role="button"
      tabindex="0"
    >
      <div
        class="MuiListItemIcon-root css-sx7q2d-MuiListItemIcon-root"
      >
        <svg
          aria-hidden="true"
          class="MuiSvgIcon-root MuiSvgIcon-fontSizeMedium css-1umw9bq-MuiSvgIcon-root"
          data-testid="ExpandMoreIcon"
          focusable="false"
          viewBox="0 0 24 24"
        >
          <path
            d="M16.59 8.59 12 13.17 7.41 8.59 6 10l6 6 6-6z"
          />
        </svg>
      </div>
      <div
        class="MuiListItemText-root css-cfq8qh-MuiListItemText-root"
      >
        <span
          class="MuiTypography-root MuiTypography-body1 MuiListItemText-primary css-rizt0-MuiTypography-root"
        >
          foo-fi (FI, EN, SV)
        </span>
      </div>
    </div>
    <div
      class="MuiListItemSecondaryAction-root css-zezwi5-MuiListItemSecondaryAction-root"
    >
      <a
        aria-label="tableSelect.listView: foo-fi"
        class="MuiButtonBase-root MuiIconButton-root MuiIconButton-edgeEnd MuiIconButton-sizeMedium css-1ysp02-MuiButtonBase-root-MuiIconButton-root"
        data-discover="true"
        data-mui-internal-clone-element="true"
        href="/table-list/foo/bar/baz/asd/"
        tabindex="0"
      >
        <svg
          aria-hidden="true"
          class="MuiSvgIcon-root MuiSvgIcon-fontSizeMedium css-1umw9bq-MuiSvgIcon-root"
          data-testid="ListAltOutlinedIcon"
          focusable="false"
          viewBox="0 0 24 24"
        >
          <path
            d="M11 7h6v2h-6zm0 4h6v2h-6zm0 4h6v2h-6zM7 7h2v2H7zm0 4h2v2H7zm0 4h2v2H7zM20.1 3H3.9c-.5 0-.9.4-.9.9v16.2c0 .4.4.9.9.9h16.2c.4 0 .9-.5.9-.9V3.9c0-.5-.5-.9-.9-.9M19 19H5V5h14z"
          />
        </svg>
      </a>
    </div>
  </li>
  <hr
    class="MuiDivider-root MuiDivider-fullWidth css-1jpc804-MuiDivider-root"
  />
  <li
    class="MuiListItem-root MuiListItem-gutters MuiListItem-padding css-1p4qrhw-MuiListItem-root"
  >
    <div
      aria-expanded="false"
      class="MuiButtonBase-root MuiListItemButton-root MuiListItemButton-gutters MuiListItemButton-root MuiListItemButton-gutters css-nlxtz9-MuiButtonBase-root-MuiListItemButton-root"
      role="button"
      tabindex="0"
    >
      <div
        class="MuiListItemIcon-root css-sx7q2d-MuiListItemIcon-root"
      >
        <svg
          aria-hidden="true"
          class="MuiSvgIcon-root MuiSvgIcon-fontSizeMedium css-1umw9bq-MuiSvgIcon-root"
          data-testid="ExpandMoreIcon"
          focusable="false"
          viewBox="0 0 24 24"
        >
          <path
            d="M16.59 8.59 12 13.17 7.41 8.59 6 10l6 6 6-6z"
          />
        </svg>
      </div>
      <div
        class="MuiListItemText-root css-cfq8qh-MuiListItemText-root"
      >
        <span
          class="MuiTypography-root MuiTypography-body1 MuiListItemText-primary css-rizt0-MuiTypography-root"
        >
          foo3-fi (FI, EN)
        </span>
      </div>
    </div>
    <div
      class="MuiListItemSecondaryAction-root css-zezwi5-MuiListItemSecondaryAction-root"
    >
      <a
        aria-label="tableSelect.listView: foo3-fi"
        class="MuiButtonBase-root MuiIconButton-root MuiIconButton-edgeEnd MuiIconButton-sizeMedium css-1ysp02-MuiButtonBase-root-MuiIconButton-root"
        data-discover="true"
        data-mui-internal-clone-element="true"
        href="/table-list/foo/bar/baz/id/"
        tabindex="0"
      >
        <svg
          aria-hidden="true"
          class="MuiSvgIcon-root MuiSvgIcon-fontSizeMedium css-1umw9bq-MuiSvgIcon-root"
          data-testid="ListAltOutlinedIcon"
          focusable="false"
          viewBox="0 0 24 24"
        >
          <path
            d="M11 7h6v2h-6zm0 4h6v2h-6zm0 4h6v2h-6zM7 7h2v2H7zm0 4h2v2H7zm0 4h2v2H7zM20.1 3H3.9c-.5 0-.9.4-.9.9v16.2c0 .4.4.9.9.9h16.2c.4 0 .9-.5.9-.9V3.9c0-.5-.5-.9-.9-.9M19 19H5V5h14z"
          />
        </svg>
      </a>
    </div>
  </li>
  <hr
    class="MuiDivider-root MuiDivider-fullWidth css-1jpc804-MuiDivider-root"
  />
  <li
    class="MuiListItem-root MuiListItem-gutters MuiListItem-padding sc-jHatCz bbCcAT css-cfd5wn-MuiListItem-root"
    id="foo-bar-baz-asd2.px"
  >
    <a
      class="MuiButtonBase-root MuiListItemButton-root MuiListItemButton-gutters MuiListItemButton-root MuiListItemButton-gutters css-1j5cvue-MuiButtonBase-root-MuiListItemButton-root"
      data-discover="true"
      href="/editor/foo/bar/baz/asd2.px/"
      tabindex="0"
    >
      <div
        class="MuiListItemIcon-root css-sx7q2d-MuiListItemIcon-root"
      >
        <svg
          aria-hidden="true"
          class="MuiSvgIcon-root MuiSvgIcon-fontSizeMedium css-1umw9bq-MuiSvgIcon-root"
          data-testid="InsertDriveFileOutlinedIcon"
          focusable="false"
          viewBox="0 0 24 24"
        >
          <path
            d="M14 2H6c-1.1 0-1.99.9-1.99 2L4 20c0 1.1.89 2 1.99 2H18c1.1 0 2-.9 2-2V8zM6 20V4h7v5h5v11z"
          />
        </svg>
      </div>
      <div
        class="MuiListItemText-root MuiListItemText-multiline css-14ln1j6-MuiListItemText-root"
      >
        <span
          class="MuiTypography-root MuiTypography-body1 MuiListItemText-primary css-rizt0-MuiTypography-root"
        >
          undefined (EN, SV)
        </span>
        <p
          class="MuiTypography-root MuiTypography-body2 MuiListItemText-secondary css-1a1whku-MuiTypography-root"
        >
          tableSelect.updated: 13.11.2021 klo 14.53.06
        </p>
      </div>
    </a>
  </li>
  <hr
    class="MuiDivider-root MuiDivider-fullWidth css-1jpc804-MuiDivider-root"
  />
</DocumentFragment>
`;

exports[`Rendering test renders correctly when table query  1`] = `
<DocumentFragment>
  <li
    class="MuiListItem-root MuiListItem-gutters MuiListItem-padding css-cfd5wn-MuiListItem-root"
  >
    <div
      class="MuiPaper-root MuiPaper-elevation MuiPaper-rounded MuiPaper-elevation0 MuiAlert-root MuiAlert-colorError MuiAlert-standardError MuiAlert-standard sc-hOTSeL hjjwaJ css-u8pub9-MuiPaper-root-MuiAlert-root"
      role="alert"
      style="--Paper-shadow: none;"
    >
      <div
        class="MuiAlert-icon css-vab54s-MuiAlert-icon"
      >
        <svg
          aria-hidden="true"
          class="MuiSvgIcon-root MuiSvgIcon-fontSizeInherit css-1ckov0h-MuiSvgIcon-root"
          data-testid="ErrorOutlineIcon"
          focusable="false"
          viewBox="0 0 24 24"
        >
          <path
            d="M11 15h2v2h-2zm0-8h2v6h-2zm.99-5C6.47 2 2 6.48 2 12s4.47 10 9.99 10C17.52 22 22 17.52 22 12S17.52 2 11.99 2zM12 20c-4.42 0-8-3.58-8-8s3.58-8 8-8 8 3.58 8 8-3.58 8-8 8z"
          />
        </svg>
      </div>
      <div
        class="MuiAlert-message css-zioonp-MuiAlert-message"
      >
        error.contentLoad
      </div>
    </div>
  </li>
  <hr
    class="MuiDivider-root MuiDivider-fullWidth css-1jpc804-MuiDivider-root"
  />
</DocumentFragment>
`;

exports[`Rendering test renders correctly while loading data 1`] = `
<DocumentFragment>
  <li
    class="MuiListItem-root MuiListItem-gutters MuiListItem-padding css-cfd5wn-MuiListItem-root"
  >
    <div
      class="MuiListItemIcon-root css-1luiz03-MuiListItemIcon-root"
    >
      <span
        class="MuiSkeleton-root MuiSkeleton-circular MuiSkeleton-pulse sc-jRueeR bhwWFP css-1epbneo-MuiSkeleton-root"
      />
    </div>
    <div
      class="MuiListItemText-root sc-gjZUHa hWsfEH css-cfq8qh-MuiListItemText-root"
    >
      <span
        class="MuiTypography-root MuiTypography-body1 MuiListItemText-primary css-rizt0-MuiTypography-root"
      >
        <span
          class="MuiSkeleton-root MuiSkeleton-text MuiSkeleton-pulse css-kkcbhd-MuiSkeleton-root"
        />
      </span>
    </div>
  </li>
  <hr
    class="MuiDivider-root MuiDivider-fullWidth css-1jpc804-MuiDivider-root"
  />
</DocumentFragment>
`;
