// Jest Snapshot v1, https://jestjs.io/docs/snapshot-testing

exports[`Rendering test renders correctly 1`] = `
<DocumentFragment>
  <li
    class="MuiListItem-root MuiListItem-gutters MuiListItem-padding"
    id="foo-bar-baz"
  >
    <div
      aria-expanded="false"
      class="MuiButtonBase-root MuiListItemButton-root MuiListItemButton-gutters"
      role="button"
      tabindex="0"
    >
      <div
        class="MuiListItemIcon-root"
      >
        <svg
          aria-hidden="true"
          class="MuiSvgIcon-root MuiSvgIcon-fontSizeMedium"
          data-testid="ChevronRightIcon"
          focusable="false"
          viewBox="0 0 24 24"
        >
          <path
            d="M10 6 8.59 7.41 13.17 12l-4.58 4.59L10 18l6-6z"
          />
        </svg>
        <svg
          aria-hidden="true"
          class="MuiSvgIcon-root MuiSvgIcon-fontSizeMedium"
          data-testid="FolderOutlinedIcon"
          focusable="false"
          viewBox="0 0 24 24"
        >
          <path
            d="m9.17 6 2 2H20v10H4V6zM10 4H4c-1.1 0-1.99.9-1.99 2L2 18c0 1.1.9 2 2 2h16c1.1 0 2-.9 2-2V8c0-1.1-.9-2-2-2h-8z"
          />
        </svg>
      </div>
      <div
        class="MuiListItemText-root MuiListItemText-multiline"
      >
        <span
          class="MuiTypography-root MuiTypography-body1 MuiListItemText-primary"
        >
          seppodbid
        </span>
        <p
          class="MuiTypography-root MuiTypography-body2 MuiListItemText-secondary"
        >
          <span>
            (FI, EN)
          </span>
        </p>
      </div>
    </div>
  </li>
  <hr
    class="MuiDivider-root MuiDivider-fullWidth"
  />
</DocumentFragment>
`;
